
=== r1_no_causal_seed1 (0.0 min elapsed) ===
[skip]  4x60_f64_unit_win27_warm already complete -> E:\University\FYDP\lorenz1960-pinn\runs\paper_ablations\r1_no_causal_seed1\run_summary.csv

=== r1_no_causal_seed2 (0.0 min elapsed) ===
[setup] device=cpu | seed=2 | 4x60 tanh, hard IC, 41446 uniform points, 27 windows
[setup] 304641 params | 41446 collocation pts on t in [0.0, 13.26446] | ref traj 13265 pts
[setup] 1300 Adam steps per window + up to 1000 L-BFGS iterations; lr 1.0e-03, StepLR factor 0.9 every 1000 steps
[setup] per-point snapshots every 2000 logged evaluations and at final window states -> E:\University\FYDP\lorenz1960-pinn\runs\paper_ablations\r1_no_causal_seed2\breakdown
[adam]  window  0 eps None | epoch       0 | loss 2.1623e-01 | min_w 1.000 |     2.6s
[adam]  window  0 eps None | epoch     250 | loss 6.3894e-07 | min_w 1.000 |    11.8s
[adam]  window  0 eps None | epoch     500 | loss 6.2158e-07 | min_w 1.000 |    18.8s
[adam]  window  0 eps None | epoch     750 | loss 5.9833e-07 | min_w 1.000 |    23.3s
[adam]  window  0 eps None | epoch    1000 | loss 5.7007e-07 | min_w 1.000 |    27.3s
[adam]  window  0 eps None | epoch    1250 | loss 5.4057e-07 | min_w 1.000 |    31.6s
[window]  0 done | loss 5.2880e-07 |    51.8s
[adam]  window  1 eps None | epoch    2750 | loss 5.9092e-07 | min_w 1.000 |    55.9s
[adam]  window  1 eps None | epoch    3000 | loss 5.1594e-07 | min_w 1.000 |    59.3s
[adam]  window  1 eps None | epoch    3250 | loss 4.2792e-07 | min_w 1.000 |    63.2s
[adam]  window  1 eps None | epoch    3500 | loss 3.6279e-07 | min_w 1.000 |    66.8s
[adam]  window  1 eps None | epoch    3750 | loss 2.9241e-07 | min_w 1.000 |    70.5s
[window]  1 done | loss 1.7052e-09 |    90.6s
[adam]  window  2 eps None | epoch    5250 | loss 5.5661e-08 | min_w 1.000 |    92.7s
[adam]  window  2 eps None | epoch    5500 | loss 4.7741e-08 | min_w 1.000 |    96.3s
[adam]  window  2 eps None | epoch    5750 | loss 3.8531e-08 | min_w 1.000 |    99.7s
[adam]  window  2 eps None | epoch    6000 | loss 2.9155e-08 | min_w 1.000 |   104.7s
[adam]  window  2 eps None | epoch    6250 | loss 1.3845e-08 | min_w 1.000 |   108.9s
[window]  2 done | loss 1.1392e-08 |   128.6s
[adam]  window  3 eps None | epoch    7750 | loss 5.6773e-07 | min_w 1.000 |   130.3s
[adam]  window  3 eps None | epoch    8000 | loss 2.6132e-07 | min_w 1.000 |   134.6s
[adam]  window  3 eps None | epoch    8250 | loss 2.2248e-07 | min_w 1.000 |   139.1s
[adam]  window  3 eps None | epoch    8500 | loss 1.8010e-07 | min_w 1.000 |   143.6s
[adam]  window  3 eps None | epoch    8750 | loss 1.2310e-07 | min_w 1.000 |   147.5s
[window]  3 done | loss 9.8720e-08 |   168.2s
[adam]  window  4 eps None | epoch   10250 | loss 3.6854e-05 | min_w 1.000 |   169.0s
[adam]  window  4 eps None | epoch   10500 | loss 4.8842e-07 | min_w 1.000 |   172.4s
[adam]  window  4 eps None | epoch   10750 | loss 4.3496e-07 | min_w 1.000 |   176.1s
[adam]  window  4 eps None | epoch   11000 | loss 3.7184e-07 | min_w 1.000 |   179.8s
[adam]  window  4 eps None | epoch   11250 | loss 3.1157e-07 | min_w 1.000 |   183.3s
[window]  4 done | loss 2.4968e-07 |   203.9s
[adam]  window  5 eps None | epoch   12750 | loss 1.3872e-03 | min_w 1.000 |   204.0s
[adam]  window  5 eps None | epoch   13000 | loss 6.5968e-07 | min_w 1.000 |   207.5s
[adam]  window  5 eps None | epoch   13250 | loss 6.0945e-07 | min_w 1.000 |   211.1s
[adam]  window  5 eps None | epoch   13500 | loss 5.4626e-07 | min_w 1.000 |   214.4s
[adam]  window  5 eps None | epoch   13750 | loss 2.0199e-06 | min_w 1.000 |   217.8s
[adam]  window  5 eps None | epoch   14000 | loss 4.3978e-07 | min_w 1.000 |   222.4s
[window]  5 done | loss 4.2262e-07 |   243.3s
[adam]  window  6 eps None | epoch   15500 | loss 8.6529e-07 | min_w 1.000 |   246.6s
[adam]  window  6 eps None | epoch   15750 | loss 8.2043e-07 | min_w 1.000 |   250.5s
[adam]  window  6 eps None | epoch   16000 | loss 7.6050e-07 | min_w 1.000 |   255.6s
[adam]  window  6 eps None | epoch   16250 | loss 7.8036e-07 | min_w 1.000 |   259.5s
[adam]  window  6 eps None | epoch   16500 | loss 7.0338e-07 | min_w 1.000 |   263.2s
[window]  6 done | loss 7.4565e-09 |   289.3s
[adam]  window  7 eps None | epoch   18000 | loss 4.4575e-07 | min_w 1.000 |   293.7s
[adam]  window  7 eps None | epoch   18250 | loss 4.3605e-07 | min_w 1.000 |   299.4s
[adam]  window  7 eps None | epoch   18500 | loss 4.2282e-07 | min_w 1.000 |   303.5s
[adam]  window  7 eps None | epoch   18750 | loss 3.9221e-07 | min_w 1.000 |   307.1s
[adam]  window  7 eps None | epoch   19000 | loss 3.7725e-07 | min_w 1.000 |   310.5s
[window]  7 done | loss 3.6565e-07 |   331.0s
[adam]  window  8 eps None | epoch   20500 | loss 9.8041e-07 | min_w 1.000 |   332.8s
[adam]  window  8 eps None | epoch   20750 | loss 8.5960e-07 | min_w 1.000 |   336.2s
[adam]  window  8 eps None | epoch   21000 | loss 1.2477e-04 | min_w 1.000 |   339.5s
[adam]  window  8 eps None | epoch   21250 | loss 7.8912e-07 | min_w 1.000 |   342.7s
[adam]  window  8 eps None | epoch   21500 | loss 7.6101e-07 | min_w 1.000 |   346.3s
[window]  8 done | loss 7.5671e-07 |   365.6s
[adam]  window  9 eps None | epoch   23000 | loss 2.2036e-05 | min_w 1.000 |   367.0s
[adam]  window  9 eps None | epoch   23250 | loss 1.3782e-06 | min_w 1.000 |   370.5s
[adam]  window  9 eps None | epoch   23500 | loss 1.3499e-06 | min_w 1.000 |   374.0s
[adam]  window  9 eps None | epoch   23750 | loss 1.4432e-06 | min_w 1.000 |   377.5s
[adam]  window  9 eps None | epoch   24000 | loss 1.3054e-06 | min_w 1.000 |   382.1s
[window]  9 done | loss 1.8318e-07 |   404.7s
[adam]  window 10 eps None | epoch   25500 | loss 1.2422e-03 | min_w 1.000 |   405.2s
[adam]  window 10 eps None | epoch   25750 | loss 3.9474e-06 | min_w 1.000 |   408.5s
[adam]  window 10 eps None | epoch   26000 | loss 2.0682e-06 | min_w 1.000 |   412.8s
[adam]  window 10 eps None | epoch   26250 | loss 2.0499e-06 | min_w 1.000 |   416.7s
[adam]  window 10 eps None | epoch   26500 | loss 2.0276e-06 | min_w 1.000 |   421.4s
[adam]  window 10 eps None | epoch   26750 | loss 2.0030e-06 | min_w 1.000 |   425.8s
[window] 10 done | loss 1.7237e-07 |   447.2s
[adam]  window 11 eps None | epoch   28250 | loss 3.1571e-06 | min_w 1.000 |   450.7s
[adam]  window 11 eps None | epoch   28500 | loss 2.8497e-06 | min_w 1.000 |   454.0s
[adam]  window 11 eps None | epoch   28750 | loss 2.8245e-06 | min_w 1.000 |   457.2s
[adam]  window 11 eps None | epoch   29000 | loss 2.7927e-06 | min_w 1.000 |   460.3s
[adam]  window 11 eps None | epoch   29250 | loss 2.7579e-06 | min_w 1.000 |   463.3s
[window] 11 done | loss 3.4543e-07 |   483.3s
[adam]  window 12 eps None | epoch   30500 | loss 2.0035e-04 | min_w 1.000 |   484.2s
[adam]  window 12 eps None | epoch   30750 | loss 2.3844e-06 | min_w 1.000 |   487.7s
[adam]  window 12 eps None | epoch   31000 | loss 2.3255e-06 | min_w 1.000 |   491.7s
[adam]  window 12 eps None | epoch   31250 | loss 2.3152e-06 | min_w 1.000 |   496.8s
[adam]  window 12 eps None | epoch   31500 | loss 2.3025e-06 | min_w 1.000 |   500.3s
[window] 12 done | loss 3.0007e-07 |   522.5s
[adam]  window 13 eps None | epoch   33000 | loss 3.2917e-05 | min_w 1.000 |   524.3s
[adam]  window 13 eps None | epoch   33250 | loss 1.3620e-06 | min_w 1.000 |   527.8s
[adam]  window 13 eps None | epoch   33500 | loss 1.2855e-06 | min_w 1.000 |   531.1s
[adam]  window 13 eps None | epoch   33750 | loss 1.2781e-06 | min_w 1.000 |   534.3s
[adam]  window 13 eps None | epoch   34000 | loss 1.2694e-06 | min_w 1.000 |   538.6s
[window] 13 done | loss 1.2617e-06 |   559.3s
[adam]  window 14 eps None | epoch   35500 | loss 1.8266e-04 | min_w 1.000 |   560.6s
[adam]  window 14 eps None | epoch   35750 | loss 1.6203e-06 | min_w 1.000 |   563.9s
[adam]  window 14 eps None | epoch   36000 | loss 1.5846e-06 | min_w 1.000 |   569.1s
[adam]  window 14 eps None | epoch   36250 | loss 1.5741e-06 | min_w 1.000 |   572.4s
[adam]  window 14 eps None | epoch   36500 | loss 1.5615e-06 | min_w 1.000 |   575.7s
[window] 14 done | loss 1.5477e-06 |   600.4s
[adam]  window 15 eps None | epoch   38000 | loss 1.3442e-03 | min_w 1.000 |   602.2s
[adam]  window 15 eps None | epoch   38250 | loss 1.4248e-06 | min_w 1.000 |   606.6s
[adam]  window 15 eps None | epoch   38500 | loss 1.1861e-06 | min_w 1.000 |   610.1s
[adam]  window 15 eps None | epoch   38750 | loss 1.1786e-06 | min_w 1.000 |   613.6s
[adam]  window 15 eps None | epoch   39000 | loss 1.1807e-06 | min_w 1.000 |   617.3s
[adam]  window 15 eps None | epoch   39250 | loss 1.1718e-06 | min_w 1.000 |   620.8s
[window] 15 done | loss 1.1697e-06 |   640.1s
[adam]  window 16 eps None | epoch   40750 | loss 2.2771e-06 | min_w 1.000 |   643.4s
[adam]  window 16 eps None | epoch   41000 | loss 5.9441e-07 | min_w 1.000 |   647.2s
[adam]  window 16 eps None | epoch   41250 | loss 2.3550e-04 | min_w 1.000 |   650.3s
[adam]  window 16 eps None | epoch   41500 | loss 5.8439e-07 | min_w 1.000 |   653.6s
[adam]  window 16 eps None | epoch   41750 | loss 5.8026e-07 | min_w 1.000 |   657.1s
[window] 16 done | loss 5.7829e-07 |   676.8s
[adam]  window 17 eps None | epoch   43250 | loss 6.0529e-06 | min_w 1.000 |   679.2s
[adam]  window 17 eps None | epoch   43500 | loss 1.5318e-07 | min_w 1.000 |   682.9s
[adam]  window 17 eps None | epoch   43750 | loss 1.5143e-07 | min_w 1.000 |   686.2s
[adam]  window 17 eps None | epoch   44000 | loss 1.5051e-07 | min_w 1.000 |   690.7s
[adam]  window 17 eps None | epoch   44250 | loss 1.4857e-07 | min_w 1.000 |   694.0s
[window] 17 done | loss 1.4799e-07 |   715.4s
[adam]  window 18 eps None | epoch   45750 | loss 2.0902e-05 | min_w 1.000 |   718.0s
[adam]  window 18 eps None | epoch   46000 | loss 4.2639e-08 | min_w 1.000 |   724.4s
[adam]  window 18 eps None | epoch   46250 | loss 4.1352e-08 | min_w 1.000 |   728.1s
[adam]  window 18 eps None | epoch   46500 | loss 4.2805e-08 | min_w 1.000 |   731.7s
[adam]  window 18 eps None | epoch   46750 | loss 4.2617e-08 | min_w 1.000 |   735.5s
[window] 18 done | loss 4.2457e-08 |   761.6s
[adam]  window 19 eps None | epoch   48250 | loss 8.6663e-05 | min_w 1.000 |   763.0s
[adam]  window 19 eps None | epoch   48500 | loss 3.2461e-07 | min_w 1.000 |   767.1s
[adam]  window 19 eps None | epoch   48750 | loss 6.7011e-05 | min_w 1.000 |   770.4s
[adam]  window 19 eps None | epoch   49000 | loss 3.2440e-07 | min_w 1.000 |   773.7s
[adam]  window 19 eps None | epoch   49250 | loss 3.2215e-07 | min_w 1.000 |   777.4s
[window] 19 done | loss 3.2830e-07 |   799.3s
[adam]  window 20 eps None | epoch   50750 | loss 1.3228e-03 | min_w 1.000 |   799.7s
[adam]  window 20 eps None | epoch   51000 | loss 1.0097e-06 | min_w 1.000 |   803.4s
[adam]  window 20 eps None | epoch   51250 | loss 9.2955e-07 | min_w 1.000 |   807.1s
[adam]  window 20 eps None | epoch   51500 | loss 9.4317e-07 | min_w 1.000 |   810.4s
[adam]  window 20 eps None | epoch   51750 | loss 3.5630e-05 | min_w 1.000 |   813.9s
[adam]  window 20 eps None | epoch   52000 | loss 9.4770e-07 | min_w 1.000 |   819.3s
[window] 20 done | loss 9.4599e-07 |   838.9s
[adam]  window 21 eps None | epoch   53500 | loss 3.2736e-06 | min_w 1.000 |   845.0s
[adam]  window 21 eps None | epoch   53750 | loss 1.6773e-06 | min_w 1.000 |   850.3s
[adam]  window 21 eps None | epoch   54000 | loss 1.7351e-06 | min_w 1.000 |   857.6s
[adam]  window 21 eps None | epoch   54250 | loss 1.1992e-05 | min_w 1.000 |   863.2s
[adam]  window 21 eps None | epoch   54500 | loss 1.7499e-06 | min_w 1.000 |   868.7s
[window] 21 done | loss 1.7424e-06 |   895.1s
[adam]  window 22 eps None | epoch   56000 | loss 2.4123e-05 | min_w 1.000 |   899.7s
[adam]  window 22 eps None | epoch   56250 | loss 2.2452e-06 | min_w 1.000 |   904.0s
[adam]  window 22 eps None | epoch   56500 | loss 2.3028e-06 | min_w 1.000 |   908.6s
[adam]  window 22 eps None | epoch   56750 | loss 2.2856e-06 | min_w 1.000 |   913.0s
[adam]  window 22 eps None | epoch   57000 | loss 2.3064e-06 | min_w 1.000 |   917.2s
[window] 22 done | loss 2.2952e-06 |   941.0s
[adam]  window 23 eps None | epoch   58500 | loss 8.7161e-05 | min_w 1.000 |   943.1s
[adam]  window 23 eps None | epoch   58750 | loss 3.0660e-06 | min_w 1.000 |   947.7s
[adam]  window 23 eps None | epoch   59000 | loss 3.0608e-06 | min_w 1.000 |   951.8s
[adam]  window 23 eps None | epoch   59250 | loss 1.0004e-04 | min_w 1.000 |   956.0s
[adam]  window 23 eps None | epoch   59500 | loss 3.0397e-06 | min_w 1.000 |   960.4s
[window] 23 done | loss 2.0377e-06 |   987.5s
[adam]  window 24 eps None | epoch   61000 | loss 2.1523e-04 | min_w 1.000 |   988.4s
[adam]  window 24 eps None | epoch   61250 | loss 5.2541e-06 | min_w 1.000 |   992.2s
[adam]  window 24 eps None | epoch   61500 | loss 4.4196e-06 | min_w 1.000 |   996.0s
[adam]  window 24 eps None | epoch   61750 | loss 4.3742e-06 | min_w 1.000 |  1000.0s
[adam]  window 24 eps None | epoch   62000 | loss 4.3181e-06 | min_w 1.000 |  1005.5s
[window] 24 done | loss 4.2857e-06 |  1031.9s
[adam]  window 25 eps None | epoch   63500 | loss 8.5342e-03 | min_w 1.000 |  1032.1s
[adam]  window 25 eps None | epoch   63750 | loss 9.7163e-06 | min_w 1.000 |  1035.5s
[adam]  window 25 eps None | epoch   64000 | loss 5.9876e-06 | min_w 1.000 |  1040.6s
[adam]  window 25 eps None | epoch   64250 | loss 5.9529e-06 | min_w 1.000 |  1044.3s
[adam]  window 25 eps None | epoch   64500 | loss 5.9119e-06 | min_w 1.000 |  1048.3s
[adam]  window 25 eps None | epoch   64750 | loss 5.8659e-06 | min_w 1.000 |  1051.8s
[window] 25 done | loss 5.8573e-06 |  1071.6s
[adam]  window 26 eps None | epoch   66250 | loss 1.4736e-05 | min_w 1.000 |  1075.1s
[adam]  window 26 eps None | epoch   66500 | loss 4.1104e-06 | min_w 1.000 |  1079.3s
[adam]  window 26 eps None | epoch   66750 | loss 4.0854e-06 | min_w 1.000 |  1084.7s
[adam]  window 26 eps None | epoch   67000 | loss 7.2544e-06 | min_w 1.000 |  1089.6s
[adam]  window 26 eps None | epoch   67250 | loss 4.0587e-06 | min_w 1.000 |  1093.6s
[window] 26 done | loss 4.0460e-06 |  1117.9s
[save]  checkpoint + telemetry -> E:\University\FYDP\lorenz1960-pinn\runs\paper_ablations\r1_no_causal_seed2\history
[save]  rendering figures -> E:\University\FYDP\lorenz1960-pinn\runs\paper_ablations\r1_no_causal_seed2 ...
E:\University\FYDP\lorenz1960-pinn\src\pinn\viz\evaluation.py:53: UserWarning: Converting a tensor with requires_grad=True to a scalar may lead to unexpected behavior.
Consider using tensor.detach() first. (Triggered internally at C:\actions-runner\_work\pytorch\pytorch\pytorch\torch\csrc\autograd\generated\python_variable_methods.cpp:837.)
  left_res.append(float(residual_parts(model.windows[k], te[1:2].clone().requires_grad_(True)).r.norm()))
[save]  45 snapshots + point_summary.csv + 4 breakdown figures
[save]  wrote metrics.csv, run_summary.csv + 34 figure files
[done]  total 1180.4s
      state      mae     rmse  max_abs_error
          x 0.000047 0.000061       0.000177
          y 0.000104 0.000150       0.000542
          z 0.000071 0.000097       0.000364
combined_l2 0.000151 0.000189       0.000561

=== r1_no_causal_seed3 (19.7 min elapsed) ===
[setup] device=cpu | seed=3 | 4x60 tanh, hard IC, 41446 uniform points, 27 windows
[setup] 304641 params | 41446 collocation pts on t in [0.0, 13.26446] | ref traj 13265 pts
[setup] 1300 Adam steps per window + up to 1000 L-BFGS iterations; lr 1.0e-03, StepLR factor 0.9 every 1000 steps
[setup] per-point snapshots every 2000 logged evaluations and at final window states -> E:\University\FYDP\lorenz1960-pinn\runs\paper_ablations\r1_no_causal_seed3\breakdown
[adam]  window  0 eps None | epoch       0 | loss 1.3094e-01 | min_w 1.000 |     0.9s
[adam]  window  0 eps None | epoch     250 | loss 5.5964e-07 | min_w 1.000 |     5.4s
[adam]  window  0 eps None | epoch     500 | loss 5.3464e-07 | min_w 1.000 |     9.6s
[adam]  window  0 eps None | epoch     750 | loss 5.0190e-07 | min_w 1.000 |    13.6s
[adam]  window  0 eps None | epoch    1000 | loss 4.6322e-07 | min_w 1.000 |    17.7s
[adam]  window  0 eps None | epoch    1250 | loss 4.2419e-07 | min_w 1.000 |    21.9s
[window]  0 done | loss 1.9867e-08 |    40.1s
[adam]  window  1 eps None | epoch    2500 | loss 2.5170e-07 | min_w 1.000 |    43.1s
[adam]  window  1 eps None | epoch    2750 | loss 2.2309e-07 | min_w 1.000 |    47.5s
[adam]  window  1 eps None | epoch    3000 | loss 1.8853e-07 | min_w 1.000 |    51.8s
[adam]  window  1 eps None | epoch    3250 | loss 1.5311e-07 | min_w 1.000 |    56.0s
[adam]  window  1 eps None | epoch    3500 | loss 1.2213e-07 | min_w 1.000 |    60.2s
[window]  1 done | loss 1.2252e-08 |    84.9s
[adam]  window  2 eps None | epoch    5000 | loss 3.9645e-07 | min_w 1.000 |    87.5s
[adam]  window  2 eps None | epoch    5250 | loss 8.6324e-08 | min_w 1.000 |    91.7s
[adam]  window  2 eps None | epoch    5500 | loss 7.8971e-08 | min_w 1.000 |    95.6s
[adam]  window  2 eps None | epoch    5750 | loss 7.0273e-08 | min_w 1.000 |    99.5s
[adam]  window  2 eps None | epoch    6000 | loss 6.1279e-08 | min_w 1.000 |   104.3s
[window]  2 done | loss 5.4414e-08 |   127.1s
[adam]  window  3 eps None | epoch    7500 | loss 2.4978e-05 | min_w 1.000 |   128.2s
[adam]  window  3 eps None | epoch    7750 | loss 2.1691e-07 | min_w 1.000 |   132.9s
[adam]  window  3 eps None | epoch    8000 | loss 1.9969e-07 | min_w 1.000 |   138.0s
[adam]  window  3 eps None | epoch    8250 | loss 1.7872e-07 | min_w 1.000 |   142.2s
[adam]  window  3 eps None | epoch    8500 | loss 1.5618e-07 | min_w 1.000 |   146.2s
[window]  3 done | loss 4.5312e-09 |   171.2s
[adam]  window  4 eps None | epoch   10000 | loss 1.5239e-03 | min_w 1.000 |   172.6s
[adam]  window  4 eps None | epoch   10250 | loss 2.2192e-07 | min_w 1.000 |   176.5s
[adam]  window  4 eps None | epoch   10500 | loss 2.1072e-07 | min_w 1.000 |   180.9s
[adam]  window  4 eps None | epoch   10750 | loss 1.9631e-07 | min_w 1.000 |   185.3s
[adam]  window  4 eps None | epoch   11000 | loss 1.7963e-07 | min_w 1.000 |   190.3s
[adam]  window  4 eps None | epoch   11250 | loss 1.6287e-07 | min_w 1.000 |   195.2s
[window]  4 done | loss 1.5983e-07 |   220.0s
[adam]  window  5 eps None | epoch   12750 | loss 5.0558e-07 | min_w 1.000 |   223.7s
[adam]  window  5 eps None | epoch   13000 | loss 4.8160e-07 | min_w 1.000 |   228.4s
[adam]  window  5 eps None | epoch   13250 | loss 4.5947e-07 | min_w 1.000 |   233.2s
[adam]  window  5 eps None | epoch   13500 | loss 4.0958e-07 | min_w 1.000 |   238.6s
[adam]  window  5 eps None | epoch   13750 | loss 3.8404e-07 | min_w 1.000 |   243.6s
[window]  5 done | loss 3.7340e-07 |   272.7s
[adam]  window  6 eps None | epoch   15250 | loss 9.4064e-07 | min_w 1.000 |   276.0s
[adam]  window  6 eps None | epoch   15500 | loss 8.7663e-07 | min_w 1.000 |   280.7s
[adam]  window  6 eps None | epoch   15750 | loss 8.4579e-07 | min_w 1.000 |   284.8s
[adam]  window  6 eps None | epoch   16000 | loss 8.0691e-07 | min_w 1.000 |   290.1s
[adam]  window  6 eps None | epoch   16250 | loss 7.6740e-07 | min_w 1.000 |   294.0s
[window]  6 done | loss 7.4184e-07 |   322.9s
[adam]  window  7 eps None | epoch   17750 | loss 2.7513e-06 | min_w 1.000 |   325.7s
[adam]  window  7 eps None | epoch   18000 | loss 1.1435e-06 | min_w 1.000 |   331.6s
[adam]  window  7 eps None | epoch   18250 | loss 1.1213e-06 | min_w 1.000 |   336.6s
[adam]  window  7 eps None | epoch   18500 | loss 1.0712e-06 | min_w 1.000 |   341.2s
[adam]  window  7 eps None | epoch   18750 | loss 1.1547e-06 | min_w 1.000 |   345.7s
[window]  7 done | loss 3.5699e-08 |   372.7s
[adam]  window  8 eps None | epoch   20250 | loss 5.2534e-07 | min_w 1.000 |   377.4s
[adam]  window  8 eps None | epoch   20500 | loss 4.2268e-07 | min_w 1.000 |   382.8s
[adam]  window  8 eps None | epoch   20750 | loss 4.1738e-07 | min_w 1.000 |   388.3s
[adam]  window  8 eps None | epoch   21000 | loss 4.1073e-07 | min_w 1.000 |   396.2s
[adam]  window  8 eps None | epoch   21250 | loss 4.0347e-07 | min_w 1.000 |   401.9s
[window]  8 done | loss 4.0027e-07 |   429.2s
[adam]  window  9 eps None | epoch   22750 | loss 1.3372e-06 | min_w 1.000 |   431.9s
[adam]  window  9 eps None | epoch   23000 | loss 1.2193e-06 | min_w 1.000 |   436.5s
[adam]  window  9 eps None | epoch   23250 | loss 1.2020e-06 | min_w 1.000 |   447.5s
[adam]  window  9 eps None | epoch   23500 | loss 4.2173e-05 | min_w 1.000 |   453.4s
[adam]  window  9 eps None | epoch   23750 | loss 1.1740e-06 | min_w 1.000 |   457.7s
[window]  9 done | loss 4.4645e-07 |   484.9s
[adam]  window 10 eps None | epoch   25250 | loss 2.6106e-05 | min_w 1.000 |   487.8s
[adam]  window 10 eps None | epoch   25500 | loss 1.6420e-06 | min_w 1.000 |   492.7s
[adam]  window 10 eps None | epoch   25750 | loss 1.6217e-06 | min_w 1.000 |   496.7s
[adam]  window 10 eps None | epoch   26000 | loss 1.5952e-06 | min_w 1.000 |   501.6s
[adam]  window 10 eps None | epoch   26250 | loss 1.5641e-06 | min_w 1.000 |   505.3s
[window] 10 done | loss 3.3771e-07 |   533.0s
[adam]  window 11 eps None | epoch   27750 | loss 3.4004e-05 | min_w 1.000 |   534.3s
[adam]  window 11 eps None | epoch   28000 | loss 1.5832e-06 | min_w 1.000 |   540.9s
[adam]  window 11 eps None | epoch   28250 | loss 1.5478e-06 | min_w 1.000 |   545.7s
[adam]  window 11 eps None | epoch   28500 | loss 1.6902e-06 | min_w 1.000 |   550.2s
[adam]  window 11 eps None | epoch   28750 | loss 1.6327e-06 | min_w 1.000 |   554.1s
[window] 11 done | loss 1.5679e-06 |   578.2s
[adam]  window 12 eps None | epoch   30250 | loss 3.0694e-03 | min_w 1.000 |   578.4s
[adam]  window 12 eps None | epoch   30500 | loss 2.9963e-06 | min_w 1.000 |   583.2s
[adam]  window 12 eps None | epoch   30750 | loss 2.9500e-06 | min_w 1.000 |   588.4s
[adam]  window 12 eps None | epoch   31000 | loss 2.8879e-06 | min_w 1.000 |   592.4s
[adam]  window 12 eps None | epoch   31250 | loss 2.9778e-06 | min_w 1.000 |   596.0s
[adam]  window 12 eps None | epoch   31500 | loss 2.8147e-06 | min_w 1.000 |   599.7s
[window] 12 done | loss 8.2012e-08 |   622.7s
[adam]  window 13 eps None | epoch   33000 | loss 5.9586e-07 | min_w 1.000 |   626.6s
[adam]  window 13 eps None | epoch   33250 | loss 5.6830e-07 | min_w 1.000 |   630.9s
[adam]  window 13 eps None | epoch   33500 | loss 5.3227e-07 | min_w 1.000 |   634.5s
[adam]  window 13 eps None | epoch   33750 | loss 4.9042e-07 | min_w 1.000 |   638.2s
[adam]  window 13 eps None | epoch   34000 | loss 4.4874e-07 | min_w 1.000 |   643.2s
[window] 13 done | loss 4.3070e-07 |   666.0s
[adam]  window 14 eps None | epoch   35500 | loss 8.1215e-07 | min_w 1.000 |   670.5s
[adam]  window 14 eps None | epoch   35750 | loss 7.8630e-07 | min_w 1.000 |   675.5s
[adam]  window 14 eps None | epoch   36000 | loss 7.5210e-07 | min_w 1.000 |   682.1s
[adam]  window 14 eps None | epoch   36250 | loss 7.1080e-07 | min_w 1.000 |   687.5s
[adam]  window 14 eps None | epoch   36500 | loss 6.6728e-07 | min_w 1.000 |   693.8s
[window] 14 done | loss 7.6792e-09 |   725.4s
[adam]  window 15 eps None | epoch   38000 | loss 9.9136e-07 | min_w 1.000 |   730.2s
[adam]  window 15 eps None | epoch   38250 | loss 3.7526e-08 | min_w 1.000 |   737.0s
[adam]  window 15 eps None | epoch   38500 | loss 3.6302e-08 | min_w 1.000 |   742.4s
[adam]  window 15 eps None | epoch   38750 | loss 3.4765e-08 | min_w 1.000 |   747.3s
[adam]  window 15 eps None | epoch   39000 | loss 3.3053e-08 | min_w 1.000 |   752.3s
[window] 15 done | loss 2.7091e-08 |   779.9s
[adam]  window 16 eps None | epoch   40500 | loss 5.6146e-05 | min_w 1.000 |   781.6s
[adam]  window 16 eps None | epoch   40750 | loss 2.0730e-08 | min_w 1.000 |   785.5s
[adam]  window 16 eps None | epoch   41000 | loss 2.0555e-08 | min_w 1.000 |   789.4s
[adam]  window 16 eps None | epoch   41250 | loss 2.0326e-08 | min_w 1.000 |   793.0s
[adam]  window 16 eps None | epoch   41500 | loss 2.6682e-08 | min_w 1.000 |   797.2s
[window] 16 done | loss 2.5680e-08 |   825.1s
[adam]  window 17 eps None | epoch   43000 | loss 1.4956e-03 | min_w 1.000 |   825.4s
[adam]  window 17 eps None | epoch   43250 | loss 1.0832e-07 | min_w 1.000 |   829.3s
[adam]  window 17 eps None | epoch   43500 | loss 1.0709e-07 | min_w 1.000 |   833.8s
[adam]  window 17 eps None | epoch   43750 | loss 8.1452e-07 | min_w 1.000 |   838.2s
[adam]  window 17 eps None | epoch   44000 | loss 1.0378e-07 | min_w 1.000 |   844.1s
[adam]  window 17 eps None | epoch   44250 | loss 1.0124e-07 | min_w 1.000 |   848.5s
[window] 17 done | loss 1.0018e-07 |   871.0s
[adam]  window 18 eps None | epoch   45750 | loss 3.9368e-07 | min_w 1.000 |   875.2s
[adam]  window 18 eps None | epoch   46000 | loss 3.6297e-07 | min_w 1.000 |   881.4s
[adam]  window 18 eps None | epoch   46250 | loss 3.5710e-07 | min_w 1.000 |   886.0s
[adam]  window 18 eps None | epoch   46500 | loss 3.4760e-07 | min_w 1.000 |   891.4s
[adam]  window 18 eps None | epoch   46750 | loss 3.3963e-07 | min_w 1.000 |   896.4s
[window] 18 done | loss 3.3652e-07 |   924.2s
[adam]  window 19 eps None | epoch   48250 | loss 1.1037e-06 | min_w 1.000 |   928.2s
[adam]  window 19 eps None | epoch   48500 | loss 9.1455e-07 | min_w 1.000 |   932.4s
[adam]  window 19 eps None | epoch   48750 | loss 8.9995e-07 | min_w 1.000 |   936.2s
[adam]  window 19 eps None | epoch   49000 | loss 9.2209e-07 | min_w 1.000 |   940.3s
[adam]  window 19 eps None | epoch   49250 | loss 9.0183e-07 | min_w 1.000 |   944.9s
[window] 19 done | loss 8.8944e-07 |   988.4s
[adam]  window 20 eps None | epoch   50750 | loss 6.8947e-06 | min_w 1.000 |   990.3s
[adam]  window 20 eps None | epoch   51000 | loss 1.6811e-06 | min_w 1.000 |   995.8s
[adam]  window 20 eps None | epoch   51250 | loss 2.0991e-06 | min_w 1.000 |  1000.7s
[adam]  window 20 eps None | epoch   51500 | loss 1.7372e-06 | min_w 1.000 |  1005.1s
[adam]  window 20 eps None | epoch   51750 | loss 1.7352e-06 | min_w 1.000 |  1009.3s
[window] 20 done | loss 6.0106e-07 |  1037.8s
[adam]  window 21 eps None | epoch   53250 | loss 1.2186e-04 | min_w 1.000 |  1038.9s
[adam]  window 21 eps None | epoch   53500 | loss 1.0506e-06 | min_w 1.000 |  1042.8s
[adam]  window 21 eps None | epoch   53750 | loss 1.0324e-06 | min_w 1.000 |  1047.7s
[adam]  window 21 eps None | epoch   54000 | loss 1.0170e-06 | min_w 1.000 |  1053.6s
[adam]  window 21 eps None | epoch   54250 | loss 9.9827e-07 | min_w 1.000 |  1057.5s
[window] 21 done | loss 9.7796e-07 |  1085.0s
[adam]  window 22 eps None | epoch   55750 | loss 6.1496e-04 | min_w 1.000 |  1085.3s
[adam]  window 22 eps None | epoch   56000 | loss 1.6752e-06 | min_w 1.000 |  1091.3s
[adam]  window 22 eps None | epoch   56250 | loss 1.5778e-06 | min_w 1.000 |  1095.2s
[adam]  window 22 eps None | epoch   56500 | loss 1.5678e-06 | min_w 1.000 |  1099.2s
[adam]  window 22 eps None | epoch   56750 | loss 1.5775e-06 | min_w 1.000 |  1103.1s
[adam]  window 22 eps None | epoch   57000 | loss 1.5319e-06 | min_w 1.000 |  1107.1s
[window] 22 done | loss 1.5284e-06 |  1128.2s
[adam]  window 23 eps None | epoch   58500 | loss 6.2996e-06 | min_w 1.000 |  1132.2s
[adam]  window 23 eps None | epoch   58750 | loss 2.7307e-06 | min_w 1.000 |  1135.9s
[adam]  window 23 eps None | epoch   59000 | loss 2.7208e-06 | min_w 1.000 |  1139.9s
[adam]  window 23 eps None | epoch   59250 | loss 2.6854e-06 | min_w 1.000 |  1143.4s
[adam]  window 23 eps None | epoch   59500 | loss 2.6695e-06 | min_w 1.000 |  1147.4s
[window] 23 done | loss 2.6626e-06 |  1168.6s
[adam]  window 24 eps None | epoch   61000 | loss 3.5724e-05 | min_w 1.000 |  1172.8s
[adam]  window 24 eps None | epoch   61250 | loss 5.2013e-06 | min_w 1.000 |  1179.3s
[adam]  window 24 eps None | epoch   61500 | loss 5.1748e-06 | min_w 1.000 |  1183.9s
[adam]  window 24 eps None | epoch   61750 | loss 5.1503e-06 | min_w 1.000 |  1188.8s
[adam]  window 24 eps None | epoch   62000 | loss 5.0765e-06 | min_w 1.000 |  1194.5s
[window] 24 done | loss 5.0503e-06 |  1218.9s
[adam]  window 25 eps None | epoch   63500 | loss 8.9648e-05 | min_w 1.000 |  1220.6s
[adam]  window 25 eps None | epoch   63750 | loss 6.7570e-06 | min_w 1.000 |  1224.8s
[adam]  window 25 eps None | epoch   64000 | loss 6.7005e-06 | min_w 1.000 |  1230.3s
[adam]  window 25 eps None | epoch   64250 | loss 6.6290e-06 | min_w 1.000 |  1234.1s
[adam]  window 25 eps None | epoch   64500 | loss 6.6982e-06 | min_w 1.000 |  1237.8s
[window] 25 done | loss 6.6247e-06 |  1262.6s
[adam]  window 26 eps None | epoch   66000 | loss 2.4721e-04 | min_w 1.000 |  1265.3s
[adam]  window 26 eps None | epoch   66250 | loss 5.0962e-06 | min_w 1.000 |  1269.0s
[adam]  window 26 eps None | epoch   66500 | loss 5.0585e-06 | min_w 1.000 |  1272.3s
[adam]  window 26 eps None | epoch   66750 | loss 5.0933e-06 | min_w 1.000 |  1275.7s
[adam]  window 26 eps None | epoch   67000 | loss 5.0271e-06 | min_w 1.000 |  1279.3s
[window] 26 done | loss 9.9541e-09 |  1305.1s
[save]  checkpoint + telemetry -> E:\University\FYDP\lorenz1960-pinn\runs\paper_ablations\r1_no_causal_seed3\history
[save]  rendering figures -> E:\University\FYDP\lorenz1960-pinn\runs\paper_ablations\r1_no_causal_seed3 ...
[save]  45 snapshots + point_summary.csv + 4 breakdown figures
[save]  wrote metrics.csv, run_summary.csv + 34 figure files
[done]  total 1361.4s
      state      mae     rmse  max_abs_error
          x 0.000059 0.000091       0.000302
          y 0.000268 0.000474       0.001823
          z 0.000131 0.000182       0.000573
combined_l2 0.000335 0.000516       0.001829
               arm  seed                     arch   final_loss  rmse_combined_l2  max_abs_error  wall_clock_s
r1_no_causal_seed1     1 4x60_f64_unit_win27_warm 8.809394e-07          0.000175       0.000737    1001.88770
r1_no_causal_seed2     2 4x60_f64_unit_win27_warm 1.098602e-06          0.000189       0.000561    1117.94103
r1_no_causal_seed3     3 4x60_f64_unit_win27_warm 8.682732e-07          0.000516       0.001829    1305.14008

=== r4_candidate_seed1 (0.0 min elapsed) ===
[setup] device=cpu | seed=1 | 4x60 tanh, hard IC, 41446 uniform points, 27 windows, causal
[setup] 304641 params | 41446 collocation pts on t in [0.0, 13.26446] | ref traj 13265 pts
[setup] 27 windows, up to 4000 Adam steps per epsilon stage, then up to 1000 L-BFGS iterations per window; lr 1.0e-03, StepLR factor 0.9 every 1000 steps
[setup] per-point snapshots every 2000 logged evaluations and at final window states -> E:\University\FYDP\lorenz1960-pinn\runs\paper_ablations\r4_candidate_seed1\breakdown
[adam]  window  0 eps 0.01 | epoch       0 | loss 6.4822e-02 | min_w 0.006 |     3.5s
[window]  0 done | loss 8.7244e-09 |    27.7s
[adam]  window  1 eps 0.1 | epoch    1500 | loss 5.7242e-05 | min_w 0.991 |    28.1s
[window]  1 done | loss 8.7151e-09 |    49.0s
[window]  2 done | loss 1.3967e-09 |    71.7s
[window]  3 done | loss 2.9111e-08 |    91.4s
[adam]  window  4 eps 0.01 | epoch    5500 | loss 4.1074e-03 | min_w 0.937 |    91.5s
[window]  4 done | loss 2.7435e-08 |   109.3s
[adam]  window  5 eps 1.0 | epoch    6750 | loss 1.5516e-05 | min_w 0.976 |   110.1s
[window]  5 done | loss 3.2358e-08 |   127.7s
[adam]  window  6 eps 10.0 | epoch    8000 | loss 2.3380e-06 | min_w 0.964 |   130.1s
[window]  6 done | loss 9.6128e-09 |   153.3s
[window]  7 done | loss 8.1957e-09 |   178.3s
[window]  8 done | loss 4.6331e-08 |   199.7s
[adam]  window  9 eps 0.01 | epoch   12000 | loss 1.3227e-03 | min_w 0.980 |   200.9s
[adam]  window  9 eps 10.0 | epoch   12250 | loss 7.8001e-07 | min_w 0.988 |   204.5s
[adam]  window  9 eps 10.0 | epoch   12500 | loss 7.7447e-07 | min_w 0.988 |   208.8s
[adam]  window  9 eps 10.0 | epoch   12750 | loss 7.6690e-07 | min_w 0.988 |   213.3s
[adam]  window  9 eps 10.0 | epoch   13000 | loss 7.5744e-07 | min_w 0.988 |   216.6s
[adam]  window  9 eps 10.0 | epoch   13250 | loss 7.4706e-07 | min_w 0.989 |   220.1s
[adam]  window  9 eps 10.0 | epoch   13500 | loss 7.3479e-07 | min_w 0.989 |   224.1s
[adam]  window  9 eps 10.0 | epoch   13750 | loss 5.7318e-06 | min_w 0.912 |   228.2s
[adam]  window  9 eps 10.0 | epoch   14000 | loss 1.2751e-06 | min_w 0.980 |   233.0s
[adam]  window  9 eps 10.0 | epoch   14250 | loss 6.4317e-06 | min_w 0.901 |   236.4s
[adam]  window  9 eps 10.0 | epoch   14500 | loss 7.7306e-06 | min_w 0.881 |   240.1s
[adam]  window  9 eps 10.0 | epoch   14750 | loss 7.3315e-06 | min_w 0.888 |   244.4s
[adam]  window  9 eps 10.0 | epoch   15000 | loss 8.3801e-07 | min_w 0.987 |   248.4s
[window]  9 done | loss 6.3600e-07 |   266.5s
[adam]  window 10 eps 10.0 | epoch   16500 | loss 2.5276e-06 | min_w 0.961 |   270.6s
[adam]  window 10 eps 10.0 | epoch   16750 | loss 2.4925e-06 | min_w 0.962 |   274.9s
[adam]  window 10 eps 10.0 | epoch   17000 | loss 4.5472e-06 | min_w 0.930 |   278.7s
[adam]  window 10 eps 10.0 | epoch   17250 | loss 4.2300e-06 | min_w 0.935 |   282.1s
[adam]  window 10 eps 10.0 | epoch   17500 | loss 4.4432e-06 | min_w 0.932 |   285.5s
[adam]  window 10 eps 10.0 | epoch   17750 | loss 6.6832e-06 | min_w 0.898 |   289.0s
[adam]  window 10 eps 10.0 | epoch   18000 | loss 9.2098e-06 | min_w 0.859 |   293.4s
[adam]  window 10 eps 10.0 | epoch   18250 | loss 9.1239e-06 | min_w 0.860 |   298.0s
[adam]  window 10 eps 10.0 | epoch   18500 | loss 6.9265e-06 | min_w 0.894 |   302.5s
[adam]  window 10 eps 10.0 | epoch   18750 | loss 9.7561e-06 | min_w 0.850 |   306.0s
[adam]  window 10 eps 10.0 | epoch   19000 | loss 8.6850e-06 | min_w 0.867 |   309.6s
[adam]  window 10 eps 10.0 | epoch   19250 | loss 7.4527e-06 | min_w 0.886 |   313.1s
[adam]  window 10 eps 10.0 | epoch   19500 | loss 6.4651e-06 | min_w 0.901 |   316.6s
[adam]  window 10 eps 10.0 | epoch   19750 | loss 7.8654e-06 | min_w 0.879 |   320.1s
[adam]  window 10 eps 10.0 | epoch   20000 | loss 6.4728e-06 | min_w 0.901 |   324.6s
[adam]  window 10 eps 10.0 | epoch   20250 | loss 7.1576e-06 | min_w 0.890 |   328.0s
[window] 10 done | loss 3.2139e-08 |   347.1s
[adam]  window 11 eps 10.0 | epoch   21750 | loss 1.1763e-06 | min_w 0.982 |   349.4s
[adam]  window 11 eps 10.0 | epoch   22000 | loss 1.1222e-06 | min_w 0.983 |   353.8s
[adam]  window 11 eps 10.0 | epoch   22250 | loss 1.0482e-06 | min_w 0.984 |   357.8s
[adam]  window 11 eps 10.0 | epoch   22500 | loss 9.5645e-07 | min_w 0.985 |   361.1s
[adam]  window 11 eps 10.0 | epoch   22750 | loss 8.5712e-07 | min_w 0.987 |   364.6s
[adam]  window 11 eps 10.0 | epoch   23000 | loss 8.1803e-06 | min_w 0.874 |   367.8s
[adam]  window 11 eps 10.0 | epoch   23250 | loss 7.5328e-06 | min_w 0.884 |   371.1s
[adam]  window 11 eps 10.0 | epoch   23500 | loss 7.3261e-06 | min_w 0.888 |   374.8s
[window] 11 done | loss 6.9254e-08 |   399.0s
[adam]  window 12 eps 10.0 | epoch   25000 | loss 1.0443e-06 | min_w 0.984 |   401.0s
[adam]  window 12 eps 10.0 | epoch   25250 | loss 9.8183e-07 | min_w 0.985 |   404.5s
[adam]  window 12 eps 10.0 | epoch   25500 | loss 9.0783e-07 | min_w 0.986 |   407.9s
[adam]  window 12 eps 10.0 | epoch   25750 | loss 7.4827e-06 | min_w 0.885 |   411.5s
[adam]  window 12 eps 10.0 | epoch   26000 | loss 2.9383e-06 | min_w 0.955 |   416.5s
[adam]  window 12 eps 10.0 | epoch   26250 | loss 5.8250e-06 | min_w 0.911 |   420.1s
[adam]  window 12 eps 10.0 | epoch   26500 | loss 6.5262e-06 | min_w 0.900 |   423.5s
[adam]  window 12 eps 10.0 | epoch   26750 | loss 7.0499e-06 | min_w 0.892 |   426.9s
[window] 12 done | loss 5.7872e-07 |   450.5s
[adam]  window 13 eps 10.0 | epoch   28250 | loss 1.1871e-06 | min_w 0.982 |   453.2s
[adam]  window 13 eps 10.0 | epoch   28500 | loss 4.2143e-06 | min_w 0.935 |   457.2s
[adam]  window 13 eps 10.0 | epoch   28750 | loss 3.3695e-06 | min_w 0.948 |   460.8s
[adam]  window 13 eps 10.0 | epoch   29000 | loss 3.6582e-06 | min_w 0.944 |   464.4s
[adam]  window 13 eps 10.0 | epoch   29250 | loss 9.4053e-07 | min_w 0.986 |   468.6s
[adam]  window 13 eps 10.0 | epoch   29500 | loss 4.1981e-06 | min_w 0.936 |   473.1s
[adam]  window 13 eps 10.0 | epoch   29750 | loss 5.9691e-06 | min_w 0.908 |   477.1s
[adam]  window 13 eps 10.0 | epoch   30000 | loss 8.0379e-06 | min_w 0.877 |   483.5s
[adam]  window 13 eps 10.0 | epoch   30250 | loss 3.1051e-06 | min_w 0.952 |   488.6s
[adam]  window 13 eps 10.0 | epoch   30500 | loss 7.5905e-06 | min_w 0.884 |   493.1s
[adam]  window 13 eps 10.0 | epoch   30750 | loss 8.0571e-06 | min_w 0.876 |   498.1s
[adam]  window 13 eps 10.0 | epoch   31000 | loss 7.6712e-06 | min_w 0.882 |   503.4s
[window] 13 done | loss 4.9733e-07 |   529.7s
[adam]  window 14 eps 10.0 | epoch   32500 | loss 5.2980e-07 | min_w 0.992 |   531.6s
[window] 14 done | loss 1.4914e-09 |   552.3s
[window] 15 done | loss 2.1300e-08 |   573.6s
[window] 16 done | loss 6.5313e-08 |   597.3s
[adam]  window 17 eps 0.1 | epoch   36500 | loss 4.6937e-04 | min_w 0.928 |   597.7s
[window] 17 done | loss 1.7432e-07 |   617.6s
[window] 18 done | loss 5.1176e-08 |   639.1s
[adam]  window 19 eps 0.01 | epoch   39250 | loss 1.7461e-03 | min_w 0.973 |   639.3s
[window] 19 done | loss 8.9278e-08 |   665.9s
[adam]  window 20 eps 0.1 | epoch   40750 | loss 7.3371e-05 | min_w 0.989 |   666.7s
[window] 20 done | loss 1.0043e-07 |   691.5s
[window] 21 done | loss 2.1833e-07 |   718.1s
[adam]  window 22 eps 0.01 | epoch   43500 | loss 3.5094e-03 | min_w 0.946 |   718.1s
[adam]  window 22 eps 10.0 | epoch   43750 | loss 1.0848e-06 | min_w 0.983 |   721.9s
[adam]  window 22 eps 10.0 | epoch   44000 | loss 1.0665e-06 | min_w 0.984 |   726.8s
[adam]  window 22 eps 10.0 | epoch   44250 | loss 1.0412e-06 | min_w 0.984 |   730.5s
[adam]  window 22 eps 10.0 | epoch   44500 | loss 1.0093e-06 | min_w 0.985 |   733.9s
[adam]  window 22 eps 10.0 | epoch   44750 | loss 5.6927e-06 | min_w 0.913 |   737.4s
[adam]  window 22 eps 10.0 | epoch   45000 | loss 8.5101e-06 | min_w 0.869 |   740.9s
[adam]  window 22 eps 10.0 | epoch   45250 | loss 1.0563e-05 | min_w 0.838 |   744.5s
[adam]  window 22 eps 10.0 | epoch   45500 | loss 2.6359e-06 | min_w 0.960 |   748.4s
[adam]  window 22 eps 10.0 | epoch   45750 | loss 7.9432e-06 | min_w 0.878 |   753.3s
[adam]  window 22 eps 10.0 | epoch   46000 | loss 8.9823e-06 | min_w 0.862 |   759.6s
[adam]  window 22 eps 10.0 | epoch   46250 | loss 1.3789e-05 | min_w 0.788 |   763.9s
[adam]  window 22 eps 10.0 | epoch   46500 | loss 1.8983e-06 | min_w 0.971 |   767.5s
[window] 22 done | loss 6.2030e-07 |   788.8s
[adam]  window 23 eps 10.0 | epoch   48000 | loss 2.7127e-06 | min_w 0.958 |   794.2s
[adam]  window 23 eps 10.0 | epoch   48250 | loss 2.5676e-06 | min_w 0.961 |   798.1s
[adam]  window 23 eps 10.0 | epoch   48500 | loss 2.3519e-06 | min_w 0.964 |   803.0s
[adam]  window 23 eps 10.0 | epoch   48750 | loss 5.6392e-06 | min_w 0.913 |   807.2s
[adam]  window 23 eps 10.0 | epoch   49000 | loss 5.6029e-06 | min_w 0.914 |   811.2s
[adam]  window 23 eps 10.0 | epoch   49250 | loss 7.5990e-06 | min_w 0.883 |   815.4s
[adam]  window 23 eps 10.0 | epoch   49500 | loss 1.0093e-05 | min_w 0.845 |   819.4s
[adam]  window 23 eps 10.0 | epoch   49750 | loss 1.1251e-05 | min_w 0.827 |   823.6s
[adam]  window 23 eps 10.0 | epoch   50000 | loss 8.0998e-06 | min_w 0.876 |   828.7s
[adam]  window 23 eps 10.0 | epoch   50250 | loss 9.5335e-06 | min_w 0.854 |   833.3s
[adam]  window 23 eps 10.0 | epoch   50500 | loss 9.4721e-06 | min_w 0.855 |   837.4s
[adam]  window 23 eps 10.0 | epoch   50750 | loss 9.7772e-06 | min_w 0.850 |   841.6s
[adam]  window 23 eps 10.0 | epoch   51000 | loss 6.6485e-06 | min_w 0.898 |   845.5s
[adam]  window 23 eps 10.0 | epoch   51250 | loss 7.7536e-06 | min_w 0.881 |   849.1s
[adam]  window 23 eps 10.0 | epoch   51500 | loss 7.5663e-06 | min_w 0.884 |   853.0s
[adam]  window 23 eps 10.0 | epoch   51750 | loss 6.7800e-06 | min_w 0.896 |   856.7s
[window] 23 done | loss 1.8860e-07 |   880.5s
[adam]  window 24 eps 10.0 | epoch   53250 | loss 3.7694e-06 | min_w 0.942 |   882.3s
[adam]  window 24 eps 10.0 | epoch   53500 | loss 2.7661e-06 | min_w 0.958 |   886.4s
[adam]  window 24 eps 10.0 | epoch   53750 | loss 2.0008e-06 | min_w 0.969 |   890.7s
[adam]  window 24 eps 10.0 | epoch   54000 | loss 3.5969e-06 | min_w 0.945 |   896.5s
[adam]  window 24 eps 10.0 | epoch   54250 | loss 6.8531e-06 | min_w 0.895 |   900.7s
[adam]  window 24 eps 10.0 | epoch   54500 | loss 5.8013e-06 | min_w 0.911 |   905.0s
[adam]  window 24 eps 10.0 | epoch   54750 | loss 7.3643e-06 | min_w 0.887 |   909.1s
[adam]  window 24 eps 10.0 | epoch   55000 | loss 1.1521e-05 | min_w 0.823 |   913.7s
[adam]  window 24 eps 10.0 | epoch   55250 | loss 5.7279e-06 | min_w 0.912 |   917.7s
[adam]  window 24 eps 10.0 | epoch   55500 | loss 8.3959e-06 | min_w 0.871 |   922.3s
[adam]  window 24 eps 10.0 | epoch   55750 | loss 8.4842e-06 | min_w 0.870 |   926.8s
[adam]  window 24 eps 10.0 | epoch   56000 | loss 8.3934e-06 | min_w 0.871 |   932.6s
[window] 24 done | loss 1.9447e-08 |   959.3s
[adam]  window 25 eps 10.0 | epoch   57500 | loss 3.1693e-06 | min_w 0.952 |   961.1s
[adam]  window 25 eps 10.0 | epoch   57750 | loss 1.8286e-06 | min_w 0.972 |   965.0s
[adam]  window 25 eps 10.0 | epoch   58000 | loss 4.2807e-06 | min_w 0.934 |   970.7s
[adam]  window 25 eps 10.0 | epoch   58250 | loss 4.7064e-06 | min_w 0.928 |   974.5s
[adam]  window 25 eps 10.0 | epoch   58500 | loss 4.1306e-06 | min_w 0.937 |   980.1s
[adam]  window 25 eps 10.0 | epoch   58750 | loss 3.2840e-06 | min_w 0.950 |   989.6s
[adam]  window 25 eps 10.0 | epoch   59000 | loss 7.5130e-06 | min_w 0.885 |   995.8s
[adam]  window 25 eps 10.0 | epoch   59250 | loss 5.2607e-06 | min_w 0.919 |  1010.8s
[adam]  window 25 eps 10.0 | epoch   59500 | loss 3.9281e-06 | min_w 0.940 |  1018.7s
[adam]  window 25 eps 10.0 | epoch   59750 | loss 9.2529e-06 | min_w 0.858 |  1024.0s
[adam]  window 25 eps 10.0 | epoch   60000 | loss 8.6494e-06 | min_w 0.867 |  1031.1s
[adam]  window 25 eps 10.0 | epoch   60250 | loss 7.0508e-06 | min_w 0.892 |  1035.9s
[window] 25 done | loss 2.1819e-08 |  1065.3s
[adam]  window 26 eps 10.0 | epoch   61750 | loss 1.0084e-06 | min_w 0.985 |  1068.7s
[adam]  window 26 eps 10.0 | epoch   62000 | loss 9.1431e-07 | min_w 0.986 |  1074.8s
[adam]  window 26 eps 10.0 | epoch   62250 | loss 8.5594e-07 | min_w 0.987 |  1079.1s
[adam]  window 26 eps 10.0 | epoch   62500 | loss 8.1764e-07 | min_w 0.987 |  1083.2s
[adam]  window 26 eps 10.0 | epoch   62750 | loss 7.8755e-07 | min_w 0.988 |  1087.5s
[adam]  window 26 eps 10.0 | epoch   63000 | loss 5.2674e-06 | min_w 0.919 |  1091.9s
[adam]  window 26 eps 10.0 | epoch   63250 | loss 7.0778e-06 | min_w 0.891 |  1096.2s
[adam]  window 26 eps 10.0 | epoch   63500 | loss 8.6997e-06 | min_w 0.867 |  1100.9s
[adam]  window 26 eps 10.0 | epoch   63750 | loss 5.5926e-06 | min_w 0.914 |  1104.9s
[adam]  window 26 eps 10.0 | epoch   64000 | loss 8.7171e-06 | min_w 0.866 |  1110.9s
[adam]  window 26 eps 10.0 | epoch   64250 | loss 9.4403e-06 | min_w 0.855 |  1115.5s
[adam]  window 26 eps 10.0 | epoch   64500 | loss 9.5222e-06 | min_w 0.854 |  1119.8s
[adam]  window 26 eps 10.0 | epoch   64750 | loss 5.1722e-06 | min_w 0.921 |  1124.2s
[adam]  window 26 eps 10.0 | epoch   65000 | loss 6.8252e-06 | min_w 0.895 |  1128.7s
[adam]  window 26 eps 10.0 | epoch   65250 | loss 7.5470e-06 | min_w 0.884 |  1133.5s
[adam]  window 26 eps 10.0 | epoch   65500 | loss 8.0175e-06 | min_w 0.877 |  1137.7s
[window] 26 done | loss 1.5302e-08 |  1163.8s
[save]  checkpoint + telemetry -> E:\University\FYDP\lorenz1960-pinn\runs\paper_ablations\r4_candidate_seed1\history
[save]  rendering figures -> E:\University\FYDP\lorenz1960-pinn\runs\paper_ablations\r4_candidate_seed1 ...
E:\University\FYDP\lorenz1960-pinn\src\pinn\viz\evaluation.py:53: UserWarning: Converting a tensor with requires_grad=True to a scalar may lead to unexpected behavior.
Consider using tensor.detach() first. (Triggered internally at C:\actions-runner\_work\pytorch\pytorch\pytorch\torch\csrc\autograd\generated\python_variable_methods.cpp:837.)
  left_res.append(float(residual_parts(model.windows[k], te[1:2].clone().requires_grad_(True)).r.norm()))
[save]  46 snapshots + point_summary.csv + 4 breakdown figures
[save]  wrote metrics.csv, run_summary.csv + 36 figure files
[done]  total 1228.8s
      state      mae     rmse  max_abs_error
          x 0.000019 0.000028       0.000103
          y 0.000038 0.000058       0.000146
          z 0.000034 0.000049       0.000191
combined_l2 0.000063 0.000081       0.000230

=== r4_candidate_seed2 (20.5 min elapsed) ===
[setup] device=cpu | seed=2 | 4x60 tanh, hard IC, 41446 uniform points, 27 windows, causal
[setup] 304641 params | 41446 collocation pts on t in [0.0, 13.26446] | ref traj 13265 pts
[setup] 27 windows, up to 4000 Adam steps per epsilon stage, then up to 1000 L-BFGS iterations per window; lr 1.0e-03, StepLR factor 0.9 every 1000 steps
[setup] per-point snapshots every 2000 logged evaluations and at final window states -> E:\University\FYDP\lorenz1960-pinn\runs\paper_ablations\r4_candidate_seed2\breakdown
[adam]  window  0 eps 0.01 | epoch       0 | loss 6.2825e-02 | min_w 0.036 |     1.1s
[adam]  window  0 eps 10.0 | epoch     250 | loss 6.6011e-07 | min_w 0.990 |     5.1s
[window]  0 done | loss 6.5099e-07 |    25.6s
[adam]  window  1 eps 10.0 | epoch    1750 | loss 7.0562e-07 | min_w 0.989 |    28.6s
[window]  1 done | loss 6.4942e-07 |    50.6s
[adam]  window  2 eps 0.1 | epoch    3250 | loss 7.9811e-05 | min_w 0.988 |    51.3s
[window]  2 done | loss 2.8585e-09 |    71.2s
[window]  3 done | loss 5.0876e-09 |    88.6s
[window]  4 done | loss 4.8576e-09 |   108.8s
[adam]  window  5 eps 10.0 | epoch    7000 | loss 9.7914e-07 | min_w 0.985 |   110.8s
[window]  5 done | loss 6.8495e-09 |   128.9s
[window]  6 done | loss 5.5812e-09 |   151.5s
[window]  7 done | loss 1.7183e-08 |   170.4s
[window]  8 done | loss 4.1912e-08 |   198.7s
[adam]  window  9 eps 10.0 | epoch   12250 | loss 1.7962e-06 | min_w 0.972 |   200.8s
[adam]  window  9 eps 10.0 | epoch   12500 | loss 7.0383e-07 | min_w 0.989 |   205.0s
[adam]  window  9 eps 10.0 | epoch   12750 | loss 6.9450e-07 | min_w 0.989 |   209.1s
[adam]  window  9 eps 10.0 | epoch   13000 | loss 2.5100e-06 | min_w 0.961 |   213.3s
[adam]  window  9 eps 10.0 | epoch   13250 | loss 6.6750e-07 | min_w 0.990 |   217.5s
[adam]  window  9 eps 10.0 | epoch   13500 | loss 3.1047e-06 | min_w 0.952 |   221.2s
[adam]  window  9 eps 10.0 | epoch   13750 | loss 4.8406e-06 | min_w 0.926 |   225.1s
[adam]  window  9 eps 10.0 | epoch   14000 | loss 8.6768e-06 | min_w 0.867 |   230.3s
[window]  9 done | loss 6.0731e-07 |   254.2s
[adam]  window 10 eps 10.0 | epoch   15500 | loss 4.1106e-06 | min_w 0.937 |   255.9s
[adam]  window 10 eps 10.0 | epoch   15750 | loss 2.3611e-06 | min_w 0.964 |   259.7s
[adam]  window 10 eps 10.0 | epoch   16000 | loss 2.4129e-06 | min_w 0.963 |   264.8s
[adam]  window 10 eps 10.0 | epoch   16250 | loss 3.9312e-06 | min_w 0.940 |   268.9s
[adam]  window 10 eps 10.0 | epoch   16500 | loss 2.2016e-06 | min_w 0.966 |   273.0s
[adam]  window 10 eps 10.0 | epoch   16750 | loss 5.2028e-06 | min_w 0.920 |   277.0s
[adam]  window 10 eps 10.0 | epoch   17000 | loss 7.2141e-06 | min_w 0.889 |   280.8s
[adam]  window 10 eps 10.0 | epoch   17250 | loss 8.8295e-06 | min_w 0.865 |   284.7s
[adam]  window 10 eps 10.0 | epoch   17500 | loss 4.4061e-06 | min_w 0.932 |   288.7s
[adam]  window 10 eps 10.0 | epoch   17750 | loss 8.7017e-06 | min_w 0.867 |   292.7s
[adam]  window 10 eps 10.0 | epoch   18000 | loss 8.9117e-06 | min_w 0.863 |   298.1s
[adam]  window 10 eps 10.0 | epoch   18250 | loss 7.7468e-06 | min_w 0.881 |   302.2s
[adam]  window 10 eps 10.0 | epoch   18500 | loss 1.5757e-06 | min_w 0.976 |   305.8s
[adam]  window 10 eps 10.0 | epoch   18750 | loss 5.8546e-06 | min_w 0.910 |   309.2s
[adam]  window 10 eps 10.0 | epoch   19000 | loss 6.6084e-06 | min_w 0.899 |   312.9s
[adam]  window 10 eps 10.0 | epoch   19250 | loss 4.5720e-06 | min_w 0.930 |   316.5s
[window] 10 done | loss 9.2638e-07 |   337.4s
[adam]  window 11 eps 0.01 | epoch   20750 | loss 9.1805e-04 | min_w 0.986 |   337.4s
[adam]  window 11 eps 10.0 | epoch   21000 | loss 2.4295e-06 | min_w 0.963 |   340.8s
[adam]  window 11 eps 10.0 | epoch   21250 | loss 5.3517e-06 | min_w 0.918 |   344.2s
[adam]  window 11 eps 10.0 | epoch   21500 | loss 4.7748e-06 | min_w 0.927 |   347.7s
[adam]  window 11 eps 10.0 | epoch   21750 | loss 2.0856e-06 | min_w 0.968 |   351.0s
[adam]  window 11 eps 10.0 | epoch   22000 | loss 4.8420e-06 | min_w 0.926 |   355.4s
[adam]  window 11 eps 10.0 | epoch   22250 | loss 7.7798e-06 | min_w 0.881 |   358.9s
[adam]  window 11 eps 10.0 | epoch   22500 | loss 6.4648e-06 | min_w 0.901 |   362.6s
[adam]  window 11 eps 10.0 | epoch   22750 | loss 1.0744e-06 | min_w 0.984 |   366.0s
[adam]  window 11 eps 10.0 | epoch   23000 | loss 5.5260e-06 | min_w 0.915 |   369.5s
[adam]  window 11 eps 10.0 | epoch   23250 | loss 6.9255e-06 | min_w 0.894 |   372.9s
[adam]  window 11 eps 10.0 | epoch   23500 | loss 6.7070e-06 | min_w 0.897 |   376.4s
[adam]  window 11 eps 10.0 | epoch   23750 | loss 2.4338e-07 | min_w 0.996 |   379.9s
[window] 11 done | loss 4.1897e-08 |   398.5s
[adam]  window 12 eps 10.0 | epoch   25250 | loss 6.6343e-07 | min_w 0.990 |   402.1s
[window] 12 done | loss 6.5357e-07 |   423.3s
[adam]  window 13 eps 10.0 | epoch   26750 | loss 1.0913e-06 | min_w 0.983 |   426.0s
[adam]  window 13 eps 10.0 | epoch   27000 | loss 1.0478e-06 | min_w 0.984 |   429.4s
[adam]  window 13 eps 10.0 | epoch   27250 | loss 3.8365e-06 | min_w 0.941 |   432.8s
[adam]  window 13 eps 10.0 | epoch   27500 | loss 4.4310e-06 | min_w 0.932 |   436.2s
[adam]  window 13 eps 10.0 | epoch   27750 | loss 4.0723e-06 | min_w 0.938 |   439.4s
[adam]  window 13 eps 10.0 | epoch   28000 | loss 5.1442e-06 | min_w 0.921 |   444.0s
[adam]  window 13 eps 10.0 | epoch   28250 | loss 6.3140e-06 | min_w 0.903 |   447.5s
[adam]  window 13 eps 10.0 | epoch   28500 | loss 7.6399e-06 | min_w 0.883 |   451.1s
[adam]  window 13 eps 10.0 | epoch   28750 | loss 5.3126e-06 | min_w 0.918 |   454.4s
[adam]  window 13 eps 10.0 | epoch   29000 | loss 7.2264e-06 | min_w 0.889 |   457.8s
[adam]  window 13 eps 10.0 | epoch   29250 | loss 8.5654e-06 | min_w 0.869 |   461.4s
[adam]  window 13 eps 10.0 | epoch   29500 | loss 8.0071e-06 | min_w 0.877 |   464.8s
[window] 13 done | loss 5.8889e-07 |   483.9s
[window] 14 done | loss 1.2198e-07 |   505.0s
[adam]  window 15 eps 0.1 | epoch   32250 | loss 1.4900e-04 | min_w 0.977 |   506.1s
[window] 15 done | loss 3.0988e-08 |   529.0s
[window] 16 done | loss 5.9804e-08 |   550.7s
[adam]  window 17 eps 0.1 | epoch   35000 | loss 9.4475e-05 | min_w 0.985 |   551.6s
[window] 17 done | loss 1.4778e-07 |   573.0s
[window] 18 done | loss 4.0629e-07 |   595.7s
[adam]  window 19 eps 0.1 | epoch   37750 | loss 1.1664e-04 | min_w 0.982 |   596.3s
[adam]  window 19 eps 10.0 | epoch   38000 | loss 9.4455e-07 | min_w 0.986 |   601.3s
[adam]  window 19 eps 10.0 | epoch   38250 | loss 9.2370e-07 | min_w 0.986 |   604.8s
[adam]  window 19 eps 10.0 | epoch   38500 | loss 4.6468e-06 | min_w 0.929 |   608.5s
[adam]  window 19 eps 10.0 | epoch   38750 | loss 1.1310e-06 | min_w 0.983 |   612.0s
[adam]  window 19 eps 10.0 | epoch   39000 | loss 5.9245e-06 | min_w 0.909 |   615.6s
[adam]  window 19 eps 10.0 | epoch   39250 | loss 7.8069e-06 | min_w 0.880 |   619.4s
[adam]  window 19 eps 10.0 | epoch   39500 | loss 8.1252e-06 | min_w 0.875 |   623.9s
[adam]  window 19 eps 10.0 | epoch   39750 | loss 1.1889e-06 | min_w 0.982 |   627.8s
[adam]  window 19 eps 10.0 | epoch   40000 | loss 6.7062e-06 | min_w 0.897 |   633.2s
[adam]  window 19 eps 10.0 | epoch   40250 | loss 7.8930e-06 | min_w 0.879 |   637.1s
[adam]  window 19 eps 10.0 | epoch   40500 | loss 7.6674e-06 | min_w 0.882 |   641.1s
[adam]  window 19 eps 10.0 | epoch   40750 | loss 8.5697e-07 | min_w 0.987 |   644.9s
[adam]  window 19 eps 10.0 | epoch   41000 | loss 6.3247e-06 | min_w 0.903 |   648.8s
[adam]  window 19 eps 10.0 | epoch   41250 | loss 4.3468e-06 | min_w 0.933 |   652.8s
[adam]  window 19 eps 10.0 | epoch   41500 | loss 5.5611e-06 | min_w 0.915 |   656.9s
[window] 19 done | loss 2.6442e-07 |   682.3s
[adam]  window 20 eps 0.01 | epoch   43000 | loss 1.3094e-03 | min_w 0.980 |   682.5s
[adam]  window 20 eps 10.0 | epoch   43250 | loss 9.2291e-07 | min_w 0.986 |   686.5s
[adam]  window 20 eps 10.0 | epoch   43500 | loss 8.5143e-07 | min_w 0.987 |   690.4s
[adam]  window 20 eps 10.0 | epoch   43750 | loss 7.5666e-07 | min_w 0.988 |   694.3s
[adam]  window 20 eps 10.0 | epoch   44000 | loss 1.8191e-06 | min_w 0.972 |   699.5s
[window] 20 done | loss 6.2780e-07 |   725.6s
[adam]  window 21 eps 10.0 | epoch   45500 | loss 1.6774e-06 | min_w 0.974 |   729.0s
[adam]  window 21 eps 10.0 | epoch   45750 | loss 1.5913e-06 | min_w 0.976 |   733.1s
[adam]  window 21 eps 10.0 | epoch   46000 | loss 6.7694e-06 | min_w 0.896 |   738.8s
[adam]  window 21 eps 10.0 | epoch   46250 | loss 8.8710e-06 | min_w 0.864 |   742.7s
[adam]  window 21 eps 10.0 | epoch   46500 | loss 8.0093e-06 | min_w 0.877 |   746.6s
[adam]  window 21 eps 10.0 | epoch   46750 | loss 1.0172e-05 | min_w 0.844 |   750.2s
[adam]  window 21 eps 10.0 | epoch   47000 | loss 1.0711e-05 | min_w 0.836 |   753.9s
[adam]  window 21 eps 10.0 | epoch   47250 | loss 1.0761e-05 | min_w 0.835 |   757.6s
[adam]  window 21 eps 10.0 | epoch   47500 | loss 7.3126e-06 | min_w 0.888 |   762.0s
[adam]  window 21 eps 10.0 | epoch   47750 | loss 8.8107e-06 | min_w 0.865 |   766.0s
[adam]  window 21 eps 10.0 | epoch   48000 | loss 9.8124e-06 | min_w 0.849 |   771.3s
[adam]  window 21 eps 10.0 | epoch   48250 | loss 9.8225e-06 | min_w 0.849 |   774.8s
[window] 21 done | loss 1.4578e-07 |   798.9s
[adam]  window 22 eps 10.0 | epoch   49750 | loss 9.8289e-07 | min_w 0.985 |   803.0s
[adam]  window 22 eps 10.0 | epoch   50000 | loss 9.2356e-07 | min_w 0.986 |   808.7s
[adam]  window 22 eps 10.0 | epoch   50250 | loss 8.4470e-07 | min_w 0.987 |   812.3s
[adam]  window 22 eps 10.0 | epoch   50500 | loss 5.7783e-06 | min_w 0.911 |   815.8s
[adam]  window 22 eps 10.0 | epoch   50750 | loss 6.3828e-06 | min_w 0.902 |   819.1s
[adam]  window 22 eps 10.0 | epoch   51000 | loss 9.7257e-06 | min_w 0.851 |   822.5s
[adam]  window 22 eps 10.0 | epoch   51250 | loss 1.1313e-05 | min_w 0.826 |   825.8s
[adam]  window 22 eps 10.0 | epoch   51500 | loss 1.0439e-05 | min_w 0.840 |   829.1s
[window] 22 done | loss 4.7488e-07 |   850.3s
[adam]  window 23 eps 10.0 | epoch   53000 | loss 1.9743e-06 | min_w 0.970 |   853.4s
[adam]  window 23 eps 10.0 | epoch   53250 | loss 1.8935e-06 | min_w 0.971 |   857.1s
[adam]  window 23 eps 10.0 | epoch   53500 | loss 1.7782e-06 | min_w 0.973 |   860.6s
[adam]  window 23 eps 10.0 | epoch   53750 | loss 7.5614e-06 | min_w 0.884 |   864.1s
[adam]  window 23 eps 10.0 | epoch   54000 | loss 7.1634e-06 | min_w 0.890 |   869.1s
[adam]  window 23 eps 10.0 | epoch   54250 | loss 1.0993e-05 | min_w 0.831 |   872.7s
[adam]  window 23 eps 10.0 | epoch   54500 | loss 1.3813e-05 | min_w 0.788 |   876.4s
[adam]  window 23 eps 10.0 | epoch   54750 | loss 1.7515e-05 | min_w 0.731 |   879.9s
[adam]  window 23 eps 10.0 | epoch   55000 | loss 1.1155e-05 | min_w 0.829 |   884.1s
[adam]  window 23 eps 10.0 | epoch   55250 | loss 9.7685e-06 | min_w 0.850 |   888.6s
[adam]  window 23 eps 10.0 | epoch   55500 | loss 1.1479e-05 | min_w 0.824 |   893.2s
[adam]  window 23 eps 10.0 | epoch   55750 | loss 1.2414e-05 | min_w 0.809 |   897.0s
[window] 23 done | loss 7.2230e-08 |   924.1s
[adam]  window 24 eps 10.0 | epoch   57250 | loss 2.3620e-06 | min_w 0.964 |   927.3s
[adam]  window 24 eps 10.0 | epoch   57500 | loss 2.1413e-06 | min_w 0.967 |   931.1s
[adam]  window 24 eps 10.0 | epoch   57750 | loss 1.8567e-06 | min_w 0.972 |   934.7s
[adam]  window 24 eps 10.0 | epoch   58000 | loss 5.2611e-06 | min_w 0.919 |   940.3s
[adam]  window 24 eps 10.0 | epoch   58250 | loss 5.0312e-06 | min_w 0.923 |   944.3s
[adam]  window 24 eps 10.0 | epoch   58500 | loss 8.4754e-06 | min_w 0.870 |   948.6s
[adam]  window 24 eps 10.0 | epoch   58750 | loss 1.0796e-05 | min_w 0.834 |   952.5s
[adam]  window 24 eps 10.0 | epoch   59000 | loss 1.3485e-05 | min_w 0.793 |   957.9s
[adam]  window 24 eps 10.0 | epoch   59250 | loss 9.7700e-06 | min_w 0.850 |   963.5s
[adam]  window 24 eps 10.0 | epoch   59500 | loss 9.8925e-06 | min_w 0.848 |   973.3s
[adam]  window 24 eps 10.0 | epoch   59750 | loss 1.1664e-05 | min_w 0.821 |   979.5s
[adam]  window 24 eps 10.0 | epoch   60000 | loss 8.7964e-06 | min_w 0.865 |   985.8s
[window] 24 done | loss 2.4712e-08 |  1015.5s
[adam]  window 25 eps 10.0 | epoch   61500 | loss 2.7895e-06 | min_w 0.957 |  1019.5s
[adam]  window 25 eps 10.0 | epoch   61750 | loss 2.4472e-06 | min_w 0.963 |  1024.8s
[adam]  window 25 eps 10.0 | epoch   62000 | loss 2.0530e-06 | min_w 0.969 |  1030.9s
[adam]  window 25 eps 10.0 | epoch   62250 | loss 6.2977e-06 | min_w 0.903 |  1034.8s
[adam]  window 25 eps 10.0 | epoch   62500 | loss 5.7777e-06 | min_w 0.911 |  1039.2s
[adam]  window 25 eps 10.0 | epoch   62750 | loss 6.7251e-06 | min_w 0.897 |  1043.9s
[adam]  window 25 eps 10.0 | epoch   63000 | loss 8.3179e-06 | min_w 0.872 |  1048.3s
[adam]  window 25 eps 10.0 | epoch   63250 | loss 1.0405e-05 | min_w 0.840 |  1051.9s
[adam]  window 25 eps 10.0 | epoch   63500 | loss 7.3253e-06 | min_w 0.888 |  1055.3s
[adam]  window 25 eps 10.0 | epoch   63750 | loss 9.6176e-06 | min_w 0.852 |  1059.5s
[adam]  window 25 eps 10.0 | epoch   64000 | loss 1.2275e-05 | min_w 0.812 |  1065.9s
[adam]  window 25 eps 10.0 | epoch   64250 | loss 1.2497e-05 | min_w 0.808 |  1070.4s
[adam]  window 25 eps 10.0 | epoch   64500 | loss 7.3559e-06 | min_w 0.887 |  1074.6s
[adam]  window 25 eps 10.0 | epoch   64750 | loss 8.5183e-06 | min_w 0.869 |  1078.5s
[adam]  window 25 eps 10.0 | epoch   65000 | loss 9.8660e-06 | min_w 0.849 |  1082.7s
[adam]  window 25 eps 10.0 | epoch   65250 | loss 6.6010e-06 | min_w 0.899 |  1087.0s
[window] 25 done | loss 4.9782e-08 |  1109.2s
[adam]  window 26 eps 10.0 | epoch   66750 | loss 1.4976e-06 | min_w 0.977 |  1111.7s
[adam]  window 26 eps 10.0 | epoch   67000 | loss 1.2694e-06 | min_w 0.981 |  1115.4s
[adam]  window 26 eps 10.0 | epoch   67250 | loss 9.9769e-07 | min_w 0.985 |  1119.7s
[adam]  window 26 eps 10.0 | epoch   67500 | loss 4.9672e-06 | min_w 0.924 |  1123.6s
[adam]  window 26 eps 10.0 | epoch   67750 | loss 4.7646e-06 | min_w 0.927 |  1129.5s
[adam]  window 26 eps 10.0 | epoch   68000 | loss 6.1563e-06 | min_w 0.905 |  1137.0s
[adam]  window 26 eps 10.0 | epoch   68250 | loss 8.5331e-06 | min_w 0.869 |  1140.8s
[adam]  window 26 eps 10.0 | epoch   68500 | loss 1.1032e-05 | min_w 0.831 |  1144.7s
[window] 26 done | loss 1.0523e-07 |  1169.1s
[save]  checkpoint + telemetry -> E:\University\FYDP\lorenz1960-pinn\runs\paper_ablations\r4_candidate_seed2\history
[save]  rendering figures -> E:\University\FYDP\lorenz1960-pinn\runs\paper_ablations\r4_candidate_seed2 ...
[save]  45 snapshots + point_summary.csv + 4 breakdown figures
[save]  wrote metrics.csv, run_summary.csv + 36 figure files
[done]  total 1230.2s
      state      mae     rmse  max_abs_error
          x 0.000036 0.000044       0.000126
          y 0.000165 0.000222       0.000497
          z 0.000104 0.000129       0.000320
combined_l2 0.000221 0.000260       0.000502

=== r4_candidate_seed3 (41.0 min elapsed) ===
[setup] device=cpu | seed=3 | 4x60 tanh, hard IC, 41446 uniform points, 27 windows, causal
[setup] 304641 params | 41446 collocation pts on t in [0.0, 13.26446] | ref traj 13265 pts
[setup] 27 windows, up to 4000 Adam steps per epsilon stage, then up to 1000 L-BFGS iterations per window; lr 1.0e-03, StepLR factor 0.9 every 1000 steps
[setup] per-point snapshots every 2000 logged evaluations and at final window states -> E:\University\FYDP\lorenz1960-pinn\runs\paper_ablations\r4_candidate_seed3\breakdown
[adam]  window  0 eps 0.01 | epoch       0 | loss 5.6444e-02 | min_w 0.134 |     0.7s
[window]  0 done | loss 2.3325e-08 |    21.4s
[window]  1 done | loss 3.4786e-08 |    43.3s
[adam]  window  2 eps 0.1 | epoch    2750 | loss 3.8113e-04 | min_w 0.942 |    44.0s
[window]  2 done | loss 4.3579e-09 |    70.8s
[window]  3 done | loss 2.9631e-09 |    93.7s
[adam]  window  4 eps 0.1 | epoch    5500 | loss 1.3170e-04 | min_w 0.980 |    94.4s
[window]  4 done | loss 7.4964e-09 |   115.9s
[adam]  window  5 eps 10.0 | epoch    7000 | loss 6.8852e-07 | min_w 0.989 |   118.8s
[window]  5 done | loss 1.4009e-08 |   138.9s
[adam]  window  6 eps 10.0 | epoch    8250 | loss 8.5355e-07 | min_w 0.987 |   142.1s
[window]  6 done | loss 1.6116e-08 |   165.6s
[window]  7 done | loss 2.5936e-08 |   186.9s
[adam]  window  8 eps 0.01 | epoch   10750 | loss 1.6450e-03 | min_w 0.975 |   187.1s
[window]  8 done | loss 2.8181e-08 |   209.9s
[adam]  window  9 eps 0.1 | epoch   12000 | loss 9.3051e-05 | min_w 0.986 |   211.9s
[adam]  window  9 eps 10.0 | epoch   12250 | loss 6.7182e-07 | min_w 0.990 |   216.6s
[adam]  window  9 eps 10.0 | epoch   12500 | loss 6.6742e-07 | min_w 0.990 |   220.8s
[adam]  window  9 eps 10.0 | epoch   12750 | loss 6.6162e-07 | min_w 0.990 |   225.6s
[adam]  window  9 eps 10.0 | epoch   13000 | loss 6.5462e-07 | min_w 0.990 |   230.4s
[window]  9 done | loss 6.5643e-07 |   249.7s
[adam]  window 10 eps 10.0 | epoch   14500 | loss 2.4394e-06 | min_w 0.963 |   252.8s
[adam]  window 10 eps 10.0 | epoch   14750 | loss 2.4206e-06 | min_w 0.963 |   256.3s
[adam]  window 10 eps 10.0 | epoch   15000 | loss 2.3939e-06 | min_w 0.963 |   260.1s
[adam]  window 10 eps 10.0 | epoch   15250 | loss 2.3597e-06 | min_w 0.964 |   264.4s
[adam]  window 10 eps 10.0 | epoch   15500 | loss 2.3326e-06 | min_w 0.964 |   268.5s
[adam]  window 10 eps 10.0 | epoch   15750 | loss 7.0157e-06 | min_w 0.892 |   272.0s
[adam]  window 10 eps 10.0 | epoch   16000 | loss 9.5712e-06 | min_w 0.853 |   276.8s
[adam]  window 10 eps 10.0 | epoch   16250 | loss 1.1060e-05 | min_w 0.830 |   280.7s
[adam]  window 10 eps 10.0 | epoch   16500 | loss 8.5507e-06 | min_w 0.869 |   284.6s
[adam]  window 10 eps 10.0 | epoch   16750 | loss 8.4368e-06 | min_w 0.871 |   289.0s
[adam]  window 10 eps 10.0 | epoch   17000 | loss 1.0512e-05 | min_w 0.839 |   294.9s
[adam]  window 10 eps 10.0 | epoch   17250 | loss 8.7509e-06 | min_w 0.866 |   298.9s
[adam]  window 10 eps 10.0 | epoch   17500 | loss 7.7309e-06 | min_w 0.881 |   302.4s
[adam]  window 10 eps 10.0 | epoch   17750 | loss 8.3266e-06 | min_w 0.872 |   306.2s
[adam]  window 10 eps 10.0 | epoch   18000 | loss 8.7633e-06 | min_w 0.865 |   311.0s
[adam]  window 10 eps 10.0 | epoch   18250 | loss 8.3313e-06 | min_w 0.872 |   314.7s
[window] 10 done | loss 5.2391e-07 |   336.8s
[adam]  window 11 eps 10.0 | epoch   19750 | loss 2.2151e-06 | min_w 0.966 |   338.5s
[adam]  window 11 eps 10.0 | epoch   20000 | loss 1.5091e-06 | min_w 0.977 |   343.2s
[adam]  window 11 eps 10.0 | epoch   20250 | loss 6.9314e-06 | min_w 0.894 |   346.8s
[adam]  window 11 eps 10.0 | epoch   20500 | loss 7.1031e-06 | min_w 0.891 |   350.4s
[adam]  window 11 eps 10.0 | epoch   20750 | loss 4.4304e-06 | min_w 0.932 |   354.0s
[adam]  window 11 eps 10.0 | epoch   21000 | loss 6.7242e-06 | min_w 0.897 |   357.5s
[adam]  window 11 eps 10.0 | epoch   21250 | loss 7.7227e-06 | min_w 0.882 |   361.0s
[adam]  window 11 eps 10.0 | epoch   21500 | loss 7.8870e-06 | min_w 0.879 |   364.7s
[adam]  window 11 eps 10.0 | epoch   21750 | loss 2.9975e-06 | min_w 0.954 |   368.1s
[adam]  window 11 eps 10.0 | epoch   22000 | loss 6.8434e-06 | min_w 0.895 |   372.7s
[adam]  window 11 eps 10.0 | epoch   22250 | loss 6.4282e-06 | min_w 0.901 |   376.3s
[adam]  window 11 eps 10.0 | epoch   22500 | loss 7.2733e-06 | min_w 0.888 |   379.9s
[window] 11 done | loss 1.1654e-08 |   402.1s
[adam]  window 12 eps 10.0 | epoch   24000 | loss 1.7984e-06 | min_w 0.972 |   404.7s
[adam]  window 12 eps 10.0 | epoch   24250 | loss 7.8094e-07 | min_w 0.988 |   408.3s
[adam]  window 12 eps 10.0 | epoch   24500 | loss 6.3750e-06 | min_w 0.902 |   412.0s
[adam]  window 12 eps 10.0 | epoch   24750 | loss 7.7757e-06 | min_w 0.881 |   415.8s
[adam]  window 12 eps 10.0 | epoch   25000 | loss 4.0091e-06 | min_w 0.939 |   419.4s
[adam]  window 12 eps 10.0 | epoch   25250 | loss 7.3262e-06 | min_w 0.888 |   422.8s
[adam]  window 12 eps 10.0 | epoch   25500 | loss 7.5741e-06 | min_w 0.884 |   426.4s
[adam]  window 12 eps 10.0 | epoch   25750 | loss 9.1299e-06 | min_w 0.860 |   430.1s
[window] 12 done | loss 8.3723e-09 |   453.0s
[adam]  window 13 eps 10.0 | epoch   27250 | loss 1.8748e-06 | min_w 0.971 |   454.1s
[window] 13 done | loss 1.6094e-09 |   475.0s
[window] 14 done | loss 4.2955e-08 |   494.3s
[adam]  window 15 eps 1.0 | epoch   29750 | loss 1.2965e-05 | min_w 0.980 |   495.3s
[window] 15 done | loss 9.4963e-09 |   513.3s
[window] 16 done | loss 2.8744e-08 |   533.8s
[adam]  window 17 eps 0.1 | epoch   32250 | loss 1.4213e-04 | min_w 0.978 |   534.4s
[window] 17 done | loss 1.3572e-07 |   558.9s
[adam]  window 18 eps 10.0 | epoch   33750 | loss 1.0219e-06 | min_w 0.984 |   561.3s
[window] 18 done | loss 7.6940e-08 |   585.0s
[window] 19 done | loss 2.2946e-07 |   610.1s
[adam]  window 20 eps 1.0 | epoch   36500 | loss 3.0566e-05 | min_w 0.953 |   611.2s
[adam]  window 20 eps 10.0 | epoch   36750 | loss 9.1961e-07 | min_w 0.986 |   615.3s
[adam]  window 20 eps 10.0 | epoch   37000 | loss 4.0408e-06 | min_w 0.938 |   619.2s
[adam]  window 20 eps 10.0 | epoch   37250 | loss 4.2567e-06 | min_w 0.935 |   623.0s
[adam]  window 20 eps 10.0 | epoch   37500 | loss 7.6724e-07 | min_w 0.988 |   626.9s
[adam]  window 20 eps 10.0 | epoch   37750 | loss 5.9432e-06 | min_w 0.909 |   630.8s
[adam]  window 20 eps 10.0 | epoch   38000 | loss 8.2124e-06 | min_w 0.874 |   636.0s
[adam]  window 20 eps 10.0 | epoch   38250 | loss 9.1458e-06 | min_w 0.860 |   639.9s
[window] 20 done | loss 5.7048e-07 |   663.2s
[adam]  window 21 eps 0.1 | epoch   39750 | loss 2.2496e-04 | min_w 0.966 |   664.0s
[adam]  window 21 eps 10.0 | epoch   40000 | loss 1.5760e-06 | min_w 0.976 |   669.4s
[adam]  window 21 eps 10.0 | epoch   40250 | loss 1.5149e-06 | min_w 0.977 |   673.2s
[adam]  window 21 eps 10.0 | epoch   40500 | loss 7.8400e-06 | min_w 0.880 |   677.1s
[adam]  window 21 eps 10.0 | epoch   40750 | loss 1.8004e-06 | min_w 0.972 |   681.0s
[adam]  window 21 eps 10.0 | epoch   41000 | loss 9.9621e-06 | min_w 0.847 |   684.9s
[adam]  window 21 eps 10.0 | epoch   41250 | loss 1.1278e-05 | min_w 0.827 |   688.8s
[adam]  window 21 eps 10.0 | epoch   41500 | loss 1.1319e-05 | min_w 0.826 |   692.5s
[adam]  window 21 eps 10.0 | epoch   41750 | loss 9.8522e-07 | min_w 0.985 |   696.4s
[adam]  window 21 eps 10.0 | epoch   42000 | loss 7.9685e-06 | min_w 0.878 |   701.6s
[adam]  window 21 eps 10.0 | epoch   42250 | loss 8.5108e-06 | min_w 0.869 |   705.6s
[adam]  window 21 eps 10.0 | epoch   42500 | loss 8.4131e-06 | min_w 0.871 |   709.4s
[window] 21 done | loss 6.3738e-07 |   732.9s
[adam]  window 22 eps 0.01 | epoch   44000 | loss 1.5625e-02 | min_w 0.760 |   734.7s
[adam]  window 22 eps 10.0 | epoch   44250 | loss 1.6195e-06 | min_w 0.975 |   739.6s
[adam]  window 22 eps 10.0 | epoch   44500 | loss 1.5689e-06 | min_w 0.976 |   745.2s
[adam]  window 22 eps 10.0 | epoch   44750 | loss 7.2444e-06 | min_w 0.889 |   750.2s
[adam]  window 22 eps 10.0 | epoch   45000 | loss 6.8776e-06 | min_w 0.895 |   755.4s
[adam]  window 22 eps 10.0 | epoch   45250 | loss 9.1728e-06 | min_w 0.859 |   760.5s
[adam]  window 22 eps 10.0 | epoch   45500 | loss 1.1075e-05 | min_w 0.830 |   765.3s
[adam]  window 22 eps 10.0 | epoch   45750 | loss 1.1237e-05 | min_w 0.828 |   770.1s
[adam]  window 22 eps 10.0 | epoch   46000 | loss 7.4993e-06 | min_w 0.885 |   776.1s
[adam]  window 22 eps 10.0 | epoch   46250 | loss 7.7361e-06 | min_w 0.881 |   781.2s
[adam]  window 22 eps 10.0 | epoch   46500 | loss 9.5467e-06 | min_w 0.853 |   786.0s
[adam]  window 22 eps 10.0 | epoch   46750 | loss 8.0601e-06 | min_w 0.876 |   790.6s
[adam]  window 22 eps 10.0 | epoch   47000 | loss 4.3620e-06 | min_w 0.933 |   795.1s
[adam]  window 22 eps 10.0 | epoch   47250 | loss 6.0475e-06 | min_w 0.907 |   799.6s
[adam]  window 22 eps 10.0 | epoch   47500 | loss 4.4062e-06 | min_w 0.932 |   804.0s
[adam]  window 22 eps 10.0 | epoch   47750 | loss 1.0102e-05 | min_w 0.845 |   808.4s
[adam]  window 22 eps 10.0 | epoch   48000 | loss 3.1585e-06 | min_w 0.952 |   815.9s
[window] 22 done | loss 5.1304e-07 |   842.6s
[adam]  window 23 eps 10.0 | epoch   49500 | loss 2.2004e-06 | min_w 0.966 |   846.3s
[adam]  window 23 eps 10.0 | epoch   49750 | loss 2.1113e-06 | min_w 0.968 |   850.9s
[adam]  window 23 eps 10.0 | epoch   50000 | loss 1.9841e-06 | min_w 0.970 |   856.7s
[adam]  window 23 eps 10.0 | epoch   50250 | loss 6.3438e-06 | min_w 0.903 |   860.9s
[adam]  window 23 eps 10.0 | epoch   50500 | loss 5.9471e-06 | min_w 0.909 |   864.9s
[adam]  window 23 eps 10.0 | epoch   50750 | loss 8.6067e-06 | min_w 0.868 |   868.9s
[adam]  window 23 eps 10.0 | epoch   51000 | loss 1.0084e-05 | min_w 0.845 |   872.9s
[adam]  window 23 eps 10.0 | epoch   51250 | loss 1.0637e-05 | min_w 0.837 |   877.0s
[adam]  window 23 eps 10.0 | epoch   51500 | loss 6.5316e-06 | min_w 0.900 |   881.2s
[adam]  window 23 eps 10.0 | epoch   51750 | loss 1.0928e-05 | min_w 0.832 |   885.3s
[adam]  window 23 eps 10.0 | epoch   52000 | loss 1.0068e-05 | min_w 0.845 |   891.0s
[adam]  window 23 eps 10.0 | epoch   52250 | loss 9.0068e-06 | min_w 0.862 |   895.5s
[window] 23 done | loss 6.0160e-07 |   921.7s
[adam]  window 24 eps 10.0 | epoch   53750 | loss 2.8732e-06 | min_w 0.956 |   924.2s
[adam]  window 24 eps 10.0 | epoch   54000 | loss 2.5382e-06 | min_w 0.961 |   929.8s
[adam]  window 24 eps 10.0 | epoch   54250 | loss 2.1153e-06 | min_w 0.968 |   933.7s
[adam]  window 24 eps 10.0 | epoch   54500 | loss 1.6619e-06 | min_w 0.975 |   937.7s
[adam]  window 24 eps 10.0 | epoch   54750 | loss 3.8123e-06 | min_w 0.942 |   941.8s
[adam]  window 24 eps 10.0 | epoch   55000 | loss 6.3419e-06 | min_w 0.903 |   945.9s
[adam]  window 24 eps 10.0 | epoch   55250 | loss 1.0053e-05 | min_w 0.846 |   949.9s
[adam]  window 24 eps 10.0 | epoch   55500 | loss 1.1922e-05 | min_w 0.817 |   953.8s
[adam]  window 24 eps 10.0 | epoch   55750 | loss 5.8410e-06 | min_w 0.910 |   957.8s
[adam]  window 24 eps 10.0 | epoch   56000 | loss 8.8767e-06 | min_w 0.864 |   964.0s
[adam]  window 24 eps 10.0 | epoch   56250 | loss 7.9285e-06 | min_w 0.878 |   968.2s
[adam]  window 24 eps 10.0 | epoch   56500 | loss 1.1168e-05 | min_w 0.829 |   972.3s
[window] 24 done | loss 6.5290e-08 |  1000.4s
[adam]  window 25 eps 10.0 | epoch   58000 | loss 2.0316e-06 | min_w 0.969 |  1004.9s
[adam]  window 25 eps 10.0 | epoch   58250 | loss 1.6892e-06 | min_w 0.974 |  1009.0s
[adam]  window 25 eps 10.0 | epoch   58500 | loss 6.7320e-06 | min_w 0.897 |  1013.3s
[adam]  window 25 eps 10.0 | epoch   58750 | loss 6.6842e-06 | min_w 0.897 |  1017.6s
[adam]  window 25 eps 10.0 | epoch   59000 | loss 5.8885e-06 | min_w 0.910 |  1021.9s
[adam]  window 25 eps 10.0 | epoch   59250 | loss 6.3181e-06 | min_w 0.903 |  1026.2s
[adam]  window 25 eps 10.0 | epoch   59500 | loss 5.7482e-06 | min_w 0.912 |  1030.9s
[adam]  window 25 eps 10.0 | epoch   59750 | loss 6.1248e-06 | min_w 0.906 |  1035.2s
[adam]  window 25 eps 10.0 | epoch   60000 | loss 7.3257e-06 | min_w 0.888 |  1041.6s
[adam]  window 25 eps 10.0 | epoch   60250 | loss 8.7610e-06 | min_w 0.865 |  1046.2s
[adam]  window 25 eps 10.0 | epoch   60500 | loss 9.6801e-06 | min_w 0.851 |  1051.5s
[adam]  window 25 eps 10.0 | epoch   60750 | loss 1.2877e-05 | min_w 0.802 |  1056.9s
[window] 25 done | loss 1.0002e-07 |  1091.4s
[adam]  window 26 eps 10.0 | epoch   62250 | loss 1.0606e-06 | min_w 0.984 |  1096.3s
[adam]  window 26 eps 10.0 | epoch   62500 | loss 9.6997e-07 | min_w 0.985 |  1112.7s
