
=== r2_no_warm_seed1 -> /content/lorenz1960-pinn/runs/paper_ablations/r2_no_warm_seed1 ===
[setup] device=cuda | seed=1 | 4x60 tanh, hard IC, 41446 uniform points, 27 windows, causal
[setup] 304641 params | 41446 collocation pts on t in [0.0, 13.26446] | ref traj 13265 pts
[setup] 27 windows, up to 4000 Adam steps per epsilon stage, then up to 1000 L-BFGS iterations per window; lr 1.0e-03, StepLR factor 0.9 every 1000 steps
[setup] per-point snapshots every 2000 logged evaluations and at final window states -> /content/lorenz1960-pinn/runs/paper_ablations/r2_no_warm_seed1/breakdown
[adam]  window  0 eps 0.01 | epoch       0 | loss 6.4822e-02 | min_w 0.006 |    20.8s
[window]  0 done | loss 8.7390e-09 |   215.3s
[adam]  window  1 eps 0.01 | epoch    1500 | loss 8.7773e-03 | min_w 0.865 |   216.6s
[adam]  window  1 eps 10.0 | epoch    1750 | loss 2.7819e-06 | min_w 0.957 |   227.3s
[adam]  window  1 eps 10.0 | epoch    2000 | loss 1.8745e-06 | min_w 0.971 |   241.7s
[adam]  window  1 eps 10.0 | epoch    2250 | loss 1.1207e-06 | min_w 0.983 |   250.9s
[window]  1 done | loss 1.3506e-08 |   454.6s
[adam]  window  2 eps 0.01 | epoch    3750 | loss 9.4758e-04 | min_w 0.985 |   456.3s
[adam]  window  2 eps 10.0 | epoch    4000 | loss 1.0886e-06 | min_w 0.983 |   470.6s
[adam]  window  2 eps 10.0 | epoch    4250 | loss 1.5427e-05 | min_w 0.763 |   482.0s
[adam]  window  2 eps 10.0 | epoch    4500 | loss 1.4637e-05 | min_w 0.776 |   491.5s
[adam]  window  2 eps 10.0 | epoch    4750 | loss 5.0434e-06 | min_w 0.923 |   502.7s
[adam]  window  2 eps 10.0 | epoch    5000 | loss 1.0084e-05 | min_w 0.845 |   513.5s
[adam]  window  2 eps 10.0 | epoch    5250 | loss 9.8195e-06 | min_w 0.849 |   524.1s
[adam]  window  2 eps 10.0 | epoch    5500 | loss 9.0696e-06 | min_w 0.861 |   533.8s
[window]  2 done | loss 3.9505e-07 |   626.7s
[adam]  window  3 eps 0.01 | epoch    7000 | loss 2.2668e-03 | min_w 0.965 |   628.4s
[adam]  window  3 eps 10.0 | epoch    7250 | loss 3.5221e-06 | min_w 0.946 |   639.0s
[adam]  window  3 eps 10.0 | epoch    7500 | loss 1.1336e-05 | min_w 0.826 |   651.3s
[adam]  window  3 eps 10.0 | epoch    7750 | loss 1.9650e-05 | min_w 0.699 |   663.4s
[adam]  window  3 eps 10.0 | epoch    8000 | loss 9.1356e-06 | min_w 0.860 |   676.1s
[adam]  window  3 eps 10.0 | epoch    8250 | loss 1.6756e-05 | min_w 0.743 |   687.1s
[adam]  window  3 eps 10.0 | epoch    8500 | loss 2.1102e-05 | min_w 0.676 |   698.1s
[adam]  window  3 eps 10.0 | epoch    8750 | loss 2.1584e-05 | min_w 0.669 |   709.4s
[adam]  window  3 eps 10.0 | epoch    9000 | loss 1.3994e-05 | min_w 0.785 |   721.4s
[adam]  window  3 eps 10.0 | epoch    9250 | loss 1.4310e-05 | min_w 0.780 |   731.3s
[adam]  window  3 eps 10.0 | epoch    9500 | loss 1.8128e-05 | min_w 0.722 |   741.8s
[adam]  window  3 eps 10.0 | epoch    9750 | loss 1.5542e-05 | min_w 0.761 |   752.6s
[adam]  window  3 eps 10.0 | epoch   10000 | loss 2.0987e-06 | min_w 0.968 |   767.2s
[adam]  window  3 eps 10.0 | epoch   10250 | loss 1.0767e-05 | min_w 0.835 |   776.5s
[adam]  window  3 eps 10.0 | epoch   10500 | loss 1.2864e-05 | min_w 0.803 |   787.5s
[adam]  window  3 eps 10.0 | epoch   10750 | loss 1.2714e-05 | min_w 0.805 |   798.1s
[adam]  window  3 eps 10.0 | epoch   11000 | loss 2.5575e-06 | min_w 0.961 |   809.2s
[window]  3 done | loss 5.6595e-07 |   893.5s
[adam]  window  4 eps 10.0 | epoch   12500 | loss 1.3797e-06 | min_w 0.979 |   905.9s
[adam]  window  4 eps 10.0 | epoch   12750 | loss 1.2184e-06 | min_w 0.981 |   918.0s
[adam]  window  4 eps 10.0 | epoch   13000 | loss 1.0574e-05 | min_w 0.838 |   928.7s
[adam]  window  4 eps 10.0 | epoch   13250 | loss 1.2633e-05 | min_w 0.806 |   939.7s
[adam]  window  4 eps 10.0 | epoch   13500 | loss 1.1225e-05 | min_w 0.828 |   951.0s
[adam]  window  4 eps 10.0 | epoch   13750 | loss 1.2478e-05 | min_w 0.808 |   962.0s
[adam]  window  4 eps 10.0 | epoch   14000 | loss 1.2837e-05 | min_w 0.803 |   978.7s
[adam]  window  4 eps 10.0 | epoch   14250 | loss 1.2866e-05 | min_w 0.802 |   988.6s
[adam]  window  4 eps 10.0 | epoch   14500 | loss 8.9570e-06 | min_w 0.862 |   999.1s
[adam]  window  4 eps 10.0 | epoch   14750 | loss 1.0665e-05 | min_w 0.836 |  1010.5s
[adam]  window  4 eps 10.0 | epoch   15000 | loss 1.0716e-05 | min_w 0.835 |  1019.3s
[adam]  window  4 eps 10.0 | epoch   15250 | loss 1.0116e-05 | min_w 0.845 |  1029.0s
[adam]  window  4 eps 10.0 | epoch   15500 | loss 7.1310e-06 | min_w 0.891 |  1039.3s
[adam]  window  4 eps 10.0 | epoch   15750 | loss 8.3211e-06 | min_w 0.872 |  1048.5s
[adam]  window  4 eps 10.0 | epoch   16000 | loss 8.8187e-06 | min_w 0.865 |  1063.9s
[adam]  window  4 eps 10.0 | epoch   16250 | loss 8.2098e-06 | min_w 0.874 |  1074.3s
[window]  4 done | loss 3.5163e-08 |  1287.8s
[adam]  window  5 eps 1.0 | epoch   17750 | loss 7.3149e-06 | min_w 0.989 |  1298.1s
[adam]  window  5 eps 10.0 | epoch   18000 | loss 1.0417e-06 | min_w 0.984 |  1314.1s
[adam]  window  5 eps 10.0 | epoch   18250 | loss 1.0104e-06 | min_w 0.985 |  1321.5s
[adam]  window  5 eps 10.0 | epoch   18500 | loss 7.5772e-06 | min_w 0.884 |  1332.3s
[adam]  window  5 eps 10.0 | epoch   18750 | loss 9.0813e-06 | min_w 0.861 |  1342.9s
[adam]  window  5 eps 10.0 | epoch   19000 | loss 1.4278e-05 | min_w 0.781 |  1353.5s
[adam]  window  5 eps 10.0 | epoch   19250 | loss 1.8012e-05 | min_w 0.724 |  1362.3s
[adam]  window  5 eps 10.0 | epoch   19500 | loss 1.8731e-05 | min_w 0.713 |  1373.4s
[adam]  window  5 eps 10.0 | epoch   19750 | loss 1.4677e-05 | min_w 0.775 |  1383.8s
[adam]  window  5 eps 10.0 | epoch   20000 | loss 1.6561e-05 | min_w 0.746 |  1399.0s
[adam]  window  5 eps 10.0 | epoch   20250 | loss 1.7238e-05 | min_w 0.735 |  1408.9s
[adam]  window  5 eps 10.0 | epoch   20500 | loss 1.7766e-05 | min_w 0.727 |  1419.2s
[adam]  window  5 eps 10.0 | epoch   20750 | loss 1.2153e-05 | min_w 0.814 |  1430.2s
[adam]  window  5 eps 10.0 | epoch   21000 | loss 1.4260e-05 | min_w 0.781 |  1441.0s
[adam]  window  5 eps 10.0 | epoch   21250 | loss 1.3110e-05 | min_w 0.799 |  1451.1s
[adam]  window  5 eps 10.0 | epoch   21500 | loss 1.4251e-05 | min_w 0.781 |  1462.4s
[adam]  window  5 eps 10.0 | epoch   21750 | loss 8.9738e-06 | min_w 0.862 |  1473.3s
[window]  5 done | loss 4.0711e-08 |  1763.5s
[adam]  window  6 eps 0.1 | epoch   23000 | loss 7.8393e-05 | min_w 0.988 |  1770.4s
[adam]  window  6 eps 10.0 | epoch   23250 | loss 1.5275e-06 | min_w 0.977 |  1781.0s
[adam]  window  6 eps 10.0 | epoch   23500 | loss 4.0963e-06 | min_w 0.937 |  1792.0s
[adam]  window  6 eps 10.0 | epoch   23750 | loss 2.2114e-05 | min_w 0.661 |  1802.7s
[adam]  window  6 eps 10.0 | epoch   24000 | loss 1.8656e-05 | min_w 0.714 |  1818.8s
[adam]  window  6 eps 10.0 | epoch   24250 | loss 2.1806e-05 | min_w 0.665 |  1828.7s
[adam]  window  6 eps 10.0 | epoch   24500 | loss 2.2110e-05 | min_w 0.661 |  1839.6s
[adam]  window  6 eps 10.0 | epoch   24750 | loss 2.5468e-05 | min_w 0.609 |  1850.8s
[adam]  window  6 eps 10.0 | epoch   25000 | loss 1.8646e-05 | min_w 0.714 |  1860.7s
[adam]  window  6 eps 10.0 | epoch   25250 | loss 2.1613e-05 | min_w 0.668 |  1870.8s
[adam]  window  6 eps 10.0 | epoch   25500 | loss 2.2049e-05 | min_w 0.662 |  1881.5s
[adam]  window  6 eps 10.0 | epoch   25750 | loss 2.1581e-05 | min_w 0.669 |  1891.4s
[adam]  window  6 eps 10.0 | epoch   26000 | loss 1.4667e-05 | min_w 0.775 |  1909.6s
[adam]  window  6 eps 10.0 | epoch   26250 | loss 1.6255e-05 | min_w 0.751 |  1919.4s
[adam]  window  6 eps 10.0 | epoch   26500 | loss 1.7388e-05 | min_w 0.733 |  1930.7s
[adam]  window  6 eps 10.0 | epoch   26750 | loss 1.7641e-05 | min_w 0.729 |  1942.3s
[adam]  window  6 eps 10.0 | epoch   27000 | loss 1.0007e-05 | min_w 0.847 |  1953.3s
[window]  6 done | loss 1.6435e-08 |  2265.3s
[adam]  window  7 eps 1.0 | epoch   28500 | loss 2.4550e-05 | min_w 0.962 |  2273.0s
[window]  7 done | loss 5.4806e-08 |  2577.5s
[adam]  window  8 eps 1.0 | epoch   30000 | loss 2.9229e-05 | min_w 0.955 |  2592.7s
[adam]  window  8 eps 1.0 | epoch   30250 | loss 3.0213e-05 | min_w 0.954 |  2604.1s
[adam]  window  8 eps 1.0 | epoch   30500 | loss 4.3538e-05 | min_w 0.933 |  2614.1s
[adam]  window  8 eps 1.0 | epoch   30750 | loss 2.5735e-05 | min_w 0.961 |  2625.3s
[adam]  window  8 eps 10.0 | epoch   31000 | loss 8.8753e-06 | min_w 0.864 |  2636.1s
[adam]  window  8 eps 10.0 | epoch   31250 | loss 1.6205e-05 | min_w 0.751 |  2645.7s
[adam]  window  8 eps 10.0 | epoch   31500 | loss 2.0651e-05 | min_w 0.683 |  2655.9s
[adam]  window  8 eps 10.0 | epoch   31750 | loss 1.8882e-05 | min_w 0.710 |  2667.0s
[adam]  window  8 eps 10.0 | epoch   32000 | loss 1.2983e-05 | min_w 0.801 |  2684.2s
[adam]  window  8 eps 10.0 | epoch   32250 | loss 1.6417e-05 | min_w 0.748 |  2695.5s
[adam]  window  8 eps 10.0 | epoch   32500 | loss 1.7945e-05 | min_w 0.724 |  2706.0s
[adam]  window  8 eps 10.0 | epoch   32750 | loss 1.7500e-05 | min_w 0.731 |  2716.2s
[adam]  window  8 eps 10.0 | epoch   33000 | loss 1.1536e-05 | min_w 0.823 |  2727.9s
[adam]  window  8 eps 10.0 | epoch   33250 | loss 1.2234e-05 | min_w 0.812 |  2741.4s
[adam]  window  8 eps 10.0 | epoch   33500 | loss 1.2764e-05 | min_w 0.804 |  2753.4s
[adam]  window  8 eps 10.0 | epoch   33750 | loss 1.2838e-05 | min_w 0.803 |  2762.3s
[adam]  window  8 eps 10.0 | epoch   34000 | loss 9.0984e-06 | min_w 0.861 |  2777.7s
[adam]  window  8 eps 10.0 | epoch   34250 | loss 1.1069e-05 | min_w 0.830 |  2788.8s
[adam]  window  8 eps 10.0 | epoch   34500 | loss 1.1176e-05 | min_w 0.828 |  2799.9s
[adam]  window  8 eps 10.0 | epoch   34750 | loss 1.0181e-05 | min_w 0.844 |  2808.7s
[window]  8 done | loss 2.1544e-08 |  3058.6s
[adam]  window  9 eps 0.1 | epoch   36250 | loss 5.7813e-05 | min_w 0.991 |  3070.4s
[adam]  window  9 eps 1.0 | epoch   36500 | loss 8.0157e-05 | min_w 0.877 |  3080.9s
[adam]  window  9 eps 1.0 | epoch   36750 | loss 6.5726e-05 | min_w 0.899 |  3090.1s
[adam]  window  9 eps 1.0 | epoch   37000 | loss 6.3321e-05 | min_w 0.903 |  3100.7s
[adam]  window  9 eps 10.0 | epoch   37250 | loss 1.1604e-05 | min_w 0.822 |  3110.8s
[adam]  window  9 eps 10.0 | epoch   37500 | loss 2.3026e-05 | min_w 0.647 |  3120.0s
[adam]  window  9 eps 10.0 | epoch   37750 | loss 2.8312e-05 | min_w 0.566 |  3130.5s
[adam]  window  9 eps 10.0 | epoch   38000 | loss 3.1481e-05 | min_w 0.517 |  3146.5s
[adam]  window  9 eps 10.0 | epoch   38250 | loss 2.7310e-05 | min_w 0.581 |  3156.9s
[adam]  window  9 eps 10.0 | epoch   38500 | loss 2.8493e-05 | min_w 0.563 |  3166.1s
[adam]  window  9 eps 10.0 | epoch   38750 | loss 2.9576e-05 | min_w 0.546 |  3177.3s
[adam]  window  9 eps 10.0 | epoch   39000 | loss 2.8967e-05 | min_w 0.556 |  3187.9s
[adam]  window  9 eps 10.0 | epoch   39250 | loss 2.3775e-05 | min_w 0.635 |  3198.4s
[adam]  window  9 eps 10.0 | epoch   39500 | loss 2.4454e-05 | min_w 0.625 |  3207.0s
[adam]  window  9 eps 10.0 | epoch   39750 | loss 2.6049e-05 | min_w 0.600 |  3218.6s
[adam]  window  9 eps 10.0 | epoch   40000 | loss 2.5803e-05 | min_w 0.604 |  3234.9s
[adam]  window  9 eps 10.0 | epoch   40250 | loss 1.9196e-05 | min_w 0.705 |  3246.1s
[adam]  window  9 eps 10.0 | epoch   40500 | loss 2.0424e-05 | min_w 0.687 |  3258.4s
[adam]  window  9 eps 10.0 | epoch   40750 | loss 1.9652e-05 | min_w 0.699 |  3268.5s
[adam]  window  9 eps 10.0 | epoch   41000 | loss 2.0366e-05 | min_w 0.688 |  3279.4s
[window]  9 done | loss 1.7528e-08 |  3547.9s
[adam]  window 10 eps 0.1 | epoch   42500 | loss 6.7769e-05 | min_w 0.990 |  3556.4s
[adam]  window 10 eps 1.0 | epoch   42750 | loss 6.1760e-05 | min_w 0.905 |  3568.0s
[adam]  window 10 eps 1.0 | epoch   43000 | loss 6.0858e-05 | min_w 0.907 |  3579.7s
[adam]  window 10 eps 1.0 | epoch   43250 | loss 5.5561e-05 | min_w 0.915 |  3590.6s
[adam]  window 10 eps 10.0 | epoch   43500 | loss 1.0231e-05 | min_w 0.843 |  3600.1s
[adam]  window 10 eps 10.0 | epoch   43750 | loss 2.1798e-05 | min_w 0.666 |  3611.1s
[adam]  window 10 eps 10.0 | epoch   44000 | loss 2.4627e-05 | min_w 0.622 |  3627.1s

=== r2_no_warm_seed1 -> /content/lorenz1960-pinn/runs/paper_ablations/r2_no_warm_seed1 ===
[setup] device=cuda | seed=1 | 4x60 tanh, hard IC, 41446 uniform points, 27 windows, causal
[setup] 304641 params | 41446 collocation pts on t in [0.0, 13.26446] | ref traj 13265 pts
[setup] 27 windows, up to 4000 Adam steps per epsilon stage, then up to 1000 L-BFGS iterations per window; lr 1.0e-03, StepLR factor 0.9 every 1000 steps
[setup] per-point snapshots every 2000 logged evaluations and at final window states -> /content/lorenz1960-pinn/runs/paper_ablations/r2_no_warm_seed1/breakdown
[adam]  window  0 eps 0.01 | epoch       0 | loss 6.4822e-02 | min_w 0.006 |    16.0s
[window]  0 done | loss 8.7390e-09 |   391.8s
[adam]  window  1 eps 0.01 | epoch    1500 | loss 8.7773e-03 | min_w 0.865 |   393.5s
[adam]  window  1 eps 10.0 | epoch    1750 | loss 2.7819e-06 | min_w 0.957 |   411.3s
[adam]  window  1 eps 10.0 | epoch    2000 | loss 1.8745e-06 | min_w 0.971 |   437.1s
[adam]  window  1 eps 10.0 | epoch    2250 | loss 1.1207e-06 | min_w 0.983 |   454.1s
[window]  1 done | loss 1.3506e-08 |   855.3s
[adam]  window  2 eps 0.01 | epoch    3750 | loss 9.4758e-04 | min_w 0.985 |   858.2s
[adam]  window  2 eps 10.0 | epoch    4000 | loss 1.0886e-06 | min_w 0.983 |   882.8s
[adam]  window  2 eps 10.0 | epoch    4250 | loss 1.5427e-05 | min_w 0.763 |   901.1s
[adam]  window  2 eps 10.0 | epoch    4500 | loss 1.4637e-05 | min_w 0.776 |   919.4s
[adam]  window  2 eps 10.0 | epoch    4750 | loss 5.0434e-06 | min_w 0.923 |   937.3s
[adam]  window  2 eps 10.0 | epoch    5000 | loss 1.0084e-05 | min_w 0.845 |   956.3s
[adam]  window  2 eps 10.0 | epoch    5250 | loss 9.8195e-06 | min_w 0.849 |   975.1s
[adam]  window  2 eps 10.0 | epoch    5500 | loss 9.0696e-06 | min_w 0.861 |   994.5s
[window]  2 done | loss 3.9505e-07 |  1147.1s
[adam]  window  3 eps 0.01 | epoch    7000 | loss 2.2668e-03 | min_w 0.965 |  1149.2s
[adam]  window  3 eps 10.0 | epoch    7250 | loss 3.5221e-06 | min_w 0.946 |  1166.9s
[adam]  window  3 eps 10.0 | epoch    7500 | loss 1.1336e-05 | min_w 0.826 |  1185.1s
[adam]  window  3 eps 10.0 | epoch    7750 | loss 1.9650e-05 | min_w 0.699 |  1204.1s
[adam]  window  3 eps 10.0 | epoch    8000 | loss 9.1356e-06 | min_w 0.860 |  1231.5s
[adam]  window  3 eps 10.0 | epoch    8250 | loss 1.6756e-05 | min_w 0.743 |  1249.8s
[adam]  window  3 eps 10.0 | epoch    8500 | loss 2.1102e-05 | min_w 0.676 |  1269.6s
[adam]  window  3 eps 10.0 | epoch    8750 | loss 2.1584e-05 | min_w 0.669 |  1287.7s
[adam]  window  3 eps 10.0 | epoch    9000 | loss 1.3994e-05 | min_w 0.785 |  1305.5s
[adam]  window  3 eps 10.0 | epoch    9250 | loss 1.4310e-05 | min_w 0.780 |  1323.6s
[adam]  window  3 eps 10.0 | epoch    9500 | loss 1.8128e-05 | min_w 0.722 |  1340.2s
[adam]  window  3 eps 10.0 | epoch    9750 | loss 1.5542e-05 | min_w 0.761 |  1357.1s
[adam]  window  3 eps 10.0 | epoch   10000 | loss 2.0987e-06 | min_w 0.968 |  1383.3s
[adam]  window  3 eps 10.0 | epoch   10250 | loss 1.0767e-05 | min_w 0.835 |  1401.0s
[adam]  window  3 eps 10.0 | epoch   10500 | loss 1.2864e-05 | min_w 0.803 |  1419.7s
[adam]  window  3 eps 10.0 | epoch   10750 | loss 1.2714e-05 | min_w 0.805 |  1438.9s
[adam]  window  3 eps 10.0 | epoch   11000 | loss 2.5575e-06 | min_w 0.961 |  1457.4s
Traceback (most recent call last):
  File "/content/lorenz1960-pinn/scripts/paper_ablations.py", line 105, in <module>
    main()
    ~~~~^^
  File "/content/lorenz1960-pinn/scripts/paper_ablations.py", line 97, in main
    run_arm(arm, seed, args.out)
    ~~~~~~~^^^^^^^^^^^^^^^^^^^^^
  File "/content/lorenz1960-pinn/scripts/paper_ablations.py", line 65, in run_arm
    return run_one(cfg, resume=True)
  File "/content/lorenz1960-pinn/src/pinn/sweep.py", line 66, in run_one
    train_and_save(cfg)
    ~~~~~~~~~~~~~~^^^^^
  File "/content/lorenz1960-pinn/src/pinn/train.py", line 602, in main
    model, history = train(cfg)
                     ~~~~~^^^^^
  File "/content/lorenz1960-pinn/src/pinn/train.py", line 121, in train
    train_windows(model, grid, cfg, history, t_start, t_ref, ys_ref,
    ~~~~~~~~~~~~~^^^^^^^^^^^^^^^^^^^^^^^^^^^^^^^^^^^^^^^^^^^^^^^^^^^
                  state["next_window"] if progress is not None else 0,
                  ^^^^^^^^^^^^^^^^^^^^^^^^^^^^^^^^^^^^^^^^^^^^^^^^^^^^
                  state.get("inside") if progress is not None else None)
                  ^^^^^^^^^^^^^^^^^^^^^^^^^^^^^^^^^^^^^^^^^^^^^^^^^^^^^^
  File "/content/lorenz1960-pinn/src/pinn/train.py", line 335, in train_windows
    run_lbfgs(sub.parameters(), closure, cfg.lbfgs_iters, cfg.torch_dtype)
    ~~~~~~~~~^^^^^^^^^^^^^^^^^^^^^^^^^^^^^^^^^^^^^^^^^^^^^^^^^^^^^^^^^^^^^
  File "/content/lorenz1960-pinn/src/pinn/functions/optimizers.py", line 30, in run_lbfgs
    opt.step(wrapped)
    ~~~~~~~~^^^^^^^^^
  File "/usr/local/lib/python3.13/dist-packages/torch/optim/optimizer.py", line 533, in wrapper
    out = func(*args, **kwargs)
  File "/usr/local/lib/python3.13/dist-packages/torch/utils/_contextlib.py", line 124, in decorate_context
    return func(*args, **kwargs)
  File "/usr/local/lib/python3.13/dist-packages/torch/optim/lbfgs.py", line 478, in step
    loss, flat_grad, t, ls_func_evals = _strong_wolfe(
                                        ~~~~~~~~~~~~~^
        obj_func,
        ^^^^^^^^^
    ...<6 lines>...
        max_ls=max_eval - current_evals,
        ^^^^^^^^^^^^^^^^^^^^^^^^^^^^^^^^
    )
    ^
  File "/usr/local/lib/python3.13/dist-packages/torch/optim/lbfgs.py", line 47, in _strong_wolfe
    f_new, g_new = obj_func(x, t, d)
                   ~~~~~~~~^^^^^^^^^
  File "/usr/local/lib/python3.13/dist-packages/torch/optim/lbfgs.py", line 476, in obj_func
    return self._directional_evaluate(closure, x, t, d)
           ~~~~~~~~~~~~~~~~~~~~~~~~~~^^^^^^^^^^^^^^^^^^
  File "/usr/local/lib/python3.13/dist-packages/torch/optim/lbfgs.py", line 327, in _directional_evaluate
    loss = float(closure())
                 ~~~~~~~^^
  File "/usr/local/lib/python3.13/dist-packages/torch/utils/_contextlib.py", line 124, in decorate_context
    return func(*args, **kwargs)
  File "/content/lorenz1960-pinn/src/pinn/functions/optimizers.py", line 26, in wrapped
    loss = closure()
  File "/content/lorenz1960-pinn/src/pinn/train.py", line 330, in closure
    loss = pinn_loss(sub, pts.clone().requires_grad_(True))
  File "/content/lorenz1960-pinn/src/pinn/pinn.py", line 156, in pinn_loss
    res, ic, _ = loss_terms(model, t)
                 ~~~~~~~~~~^^^^^^^^^^
  File "/content/lorenz1960-pinn/src/pinn/pinn.py", line 142, in loss_terms
    parts = residual_parts(model, t)
  File "/content/lorenz1960-pinn/src/pinn/pinn.py", line 133, in residual_parts
    dudt = time_derivative(u, t)
  File "/content/lorenz1960-pinn/src/pinn/functions/derivative.py", line 6, in time_derivative
    cols = [torch.autograd.grad(u[:, j].sum(), t, create_graph=True)[0][:, 0] for j in range(u.shape[1])]
            ~~~~~~~~~~~~~~~~~~~^^^^^^^^^^^^^^^^^^^^^^^^^^^^^^^^^^^^^
  File "/usr/local/lib/python3.13/dist-packages/torch/autograd/__init__.py", line 532, in grad
    result = _engine_run_backward(
        outputs,
    ...<5 lines>...
        accumulate_grad=False,
    )
  File "/usr/local/lib/python3.13/dist-packages/torch/autograd/graph.py", line 869, in _engine_run_backward
    return Variable._execution_engine.run_backward(  # Calls into the C++ engine to run the backward pass
           ~~~~~~~~~~~~~~~~~~~~~~~~~~~~~~~~~~~~~~~^^^^^^^^^^^^^^^^^^^^^^^^^^^^^^^^^^^^^^^^^^^^^^^^^^^^^^^
        t_outputs, *args, **kwargs
        ^^^^^^^^^^^^^^^^^^^^^^^^^^
    )  # Calls into the C++ engine to run the backward pass
    ^
KeyboardInterrupt
