
=== r4_candidate_seed3 -> /content/lorenz1960-pinn/runs/paper_ablations/r4_candidate_seed3 ===
[setup] device=cuda | seed=3 | 4x60 tanh, hard IC, 41446 uniform points, 27 windows, causal
[setup] 304641 params | 41446 collocation pts on t in [0.0, 13.26446] | ref traj 13265 pts
[setup] 27 windows, up to 4000 Adam steps per epsilon stage, then up to 1000 L-BFGS iterations per window; lr 1.0e-03, StepLR factor 0.9 every 1000 steps
[setup] per-point snapshots every 2000 logged evaluations and at final window states -> /content/lorenz1960-pinn/runs/paper_ablations/r4_candidate_seed3/breakdown
[adam]  window  0 eps 0.01 | epoch       0 | loss 5.6444e-02 | min_w 0.134 |    11.9s
[window]  0 done | loss 2.3357e-08 |    72.5s
[window]  1 done | loss 3.6535e-08 |   141.3s
[window]  2 done | loss 4.4017e-09 |   233.2s
[adam]  window  3 eps 0.1 | epoch    4000 | loss 4.8019e-04 | min_w 0.926 |   239.3s
[window]  3 done | loss 3.1043e-09 |   331.4s
[window]  4 done | loss 8.2682e-09 |   427.0s
[window]  5 done | loss 1.3494e-08 |   530.2s
[adam]  window  6 eps 0.1 | epoch    8000 | loss 4.9432e-04 | min_w 0.924 |   534.9s
[window]  6 done | loss 1.6028e-08 |   652.3s
[adam]  window  7 eps 1.0 | epoch    9500 | loss 1.9433e-05 | min_w 0.970 |   655.1s
[window]  7 done | loss 2.4945e-08 |   720.1s
[window]  8 done | loss 2.5241e-08 |   831.9s
[adam]  window  9 eps 0.01 | epoch   12250 | loss 7.8991e-04 | min_w 0.988 |   832.6s
[adam]  window  9 eps 10.0 | epoch   12500 | loss 6.6695e-07 | min_w 0.990 |   841.6s
[adam]  window  9 eps 10.0 | epoch   12750 | loss 6.6039e-07 | min_w 0.990 |   850.4s
[adam]  window  9 eps 10.0 | epoch   13000 | loss 6.5529e-07 | min_w 0.990 |   859.9s
[window]  9 done | loss 6.5642e-07 |   924.4s
[adam]  window 10 eps 10.0 | epoch   14500 | loss 2.6106e-06 | min_w 0.960 |   934.7s
[adam]  window 10 eps 10.0 | epoch   14750 | loss 2.4605e-06 | min_w 0.962 |   942.5s
[adam]  window 10 eps 10.0 | epoch   15000 | loss 2.4382e-06 | min_w 0.963 |   953.8s
[adam]  window 10 eps 10.0 | epoch   15250 | loss 2.4093e-06 | min_w 0.963 |   964.5s
[adam]  window 10 eps 10.0 | epoch   15500 | loss 2.3763e-06 | min_w 0.964 |   974.1s
[adam]  window 10 eps 10.0 | epoch   15750 | loss 6.5513e-06 | min_w 0.900 |   985.8s
[adam]  window 10 eps 10.0 | epoch   16000 | loss 9.2801e-06 | min_w 0.858 |  1003.1s
[adam]  window 10 eps 10.0 | epoch   16250 | loss 1.1269e-05 | min_w 0.827 |  1013.2s
[adam]  window 10 eps 10.0 | epoch   16500 | loss 7.7658e-06 | min_w 0.881 |  1022.3s
[adam]  window 10 eps 10.0 | epoch   16750 | loss 1.0159e-05 | min_w 0.844 |  1032.1s
[adam]  window 10 eps 10.0 | epoch   17000 | loss 1.1938e-05 | min_w 0.817 |  1042.9s
[adam]  window 10 eps 10.0 | epoch   17250 | loss 9.6872e-06 | min_w 0.851 |  1051.6s
[adam]  window 10 eps 10.0 | epoch   17500 | loss 6.6925e-06 | min_w 0.897 |  1061.9s
[adam]  window 10 eps 10.0 | epoch   17750 | loss 9.4694e-06 | min_w 0.855 |  1067.9s
[adam]  window 10 eps 10.0 | epoch   18000 | loss 9.7111e-06 | min_w 0.851 |  1098.0s
[adam]  window 10 eps 10.0 | epoch   18250 | loss 7.9974e-06 | min_w 0.877 |  1103.0s
[window] 10 done | loss 4.8650e-07 |  1211.2s
[adam]  window 11 eps 1.0 | epoch   19750 | loss 8.2769e-05 | min_w 0.873 |  1213.1s
[adam]  window 11 eps 10.0 | epoch   20000 | loss 1.4260e-06 | min_w 0.978 |  1227.8s
[adam]  window 11 eps 10.0 | epoch   20250 | loss 6.8928e-06 | min_w 0.894 |  1238.2s
[adam]  window 11 eps 10.0 | epoch   20500 | loss 7.1184e-06 | min_w 0.891 |  1246.7s
[adam]  window 11 eps 10.0 | epoch   20750 | loss 1.3213e-06 | min_w 0.980 |  1257.7s
[adam]  window 11 eps 10.0 | epoch   21000 | loss 6.7149e-06 | min_w 0.897 |  1270.0s
[adam]  window 11 eps 10.0 | epoch   21250 | loss 8.8964e-06 | min_w 0.863 |  1277.6s
[adam]  window 11 eps 10.0 | epoch   21500 | loss 9.1769e-06 | min_w 0.859 |  1298.2s
[adam]  window 11 eps 10.0 | epoch   21750 | loss 1.0132e-06 | min_w 0.984 |  1302.7s
[adam]  window 11 eps 10.0 | epoch   22000 | loss 7.0830e-06 | min_w 0.891 |  1320.2s
[adam]  window 11 eps 10.0 | epoch   22250 | loss 6.9571e-06 | min_w 0.893 |  1323.3s
[adam]  window 11 eps 10.0 | epoch   22500 | loss 7.5807e-06 | min_w 0.884 |  1329.9s
[window] 11 done | loss 1.1134e-08 |  1437.9s
[adam]  window 12 eps 10.0 | epoch   24000 | loss 2.0483e-06 | min_w 0.969 |  1450.1s
[adam]  window 12 eps 10.0 | epoch   24250 | loss 8.1069e-07 | min_w 0.988 |  1459.6s
[adam]  window 12 eps 10.0 | epoch   24500 | loss 7.4074e-06 | min_w 0.886 |  1470.2s
[adam]  window 12 eps 10.0 | epoch   24750 | loss 7.9861e-06 | min_w 0.877 |  1482.2s
[adam]  window 12 eps 10.0 | epoch   25000 | loss 1.3865e-06 | min_w 0.979 |  1491.7s
[adam]  window 12 eps 10.0 | epoch   25250 | loss 7.4817e-06 | min_w 0.885 |  1502.2s
[adam]  window 12 eps 10.0 | epoch   25500 | loss 8.0863e-06 | min_w 0.876 |  1513.6s
[adam]  window 12 eps 10.0 | epoch   25750 | loss 8.4610e-06 | min_w 0.870 |  1521.0s
[window] 12 done | loss 8.2346e-09 |  1610.7s
[adam]  window 13 eps 1.0 | epoch   27250 | loss 1.6570e-05 | min_w 0.975 |  1613.6s
[window] 13 done | loss 1.8322e-09 |  1720.4s
[window] 14 done | loss 4.9316e-08 |  1813.2s
[adam]  window 15 eps 1.0 | epoch   29750 | loss 7.4694e-06 | min_w 0.989 |  1816.1s
[window] 15 done | loss 5.2951e-08 |  1892.4s
[window] 16 done | loss 3.5681e-08 |  1967.6s
[adam]  window 17 eps 1.0 | epoch   32500 | loss 2.0983e-05 | min_w 0.968 |  1970.8s
[window] 17 done | loss 1.2220e-07 |  2003.6s
[adam]  window 18 eps 10.0 | epoch   34000 | loss 7.3173e-07 | min_w 0.989 |  2015.7s
[window] 18 done | loss 4.1975e-07 |  2091.8s
[adam]  window 19 eps 10.0 | epoch   35500 | loss 1.0769e-06 | min_w 0.984 |  2102.2s
[adam]  window 19 eps 10.0 | epoch   35750 | loss 5.0757e-06 | min_w 0.922 |  2113.5s
[adam]  window 19 eps 10.0 | epoch   36000 | loss 5.0811e-06 | min_w 0.922 |  2134.1s
[adam]  window 19 eps 10.0 | epoch   36250 | loss 6.5596e-06 | min_w 0.899 |  2146.0s
[adam]  window 19 eps 10.0 | epoch   36500 | loss 6.8380e-06 | min_w 0.895 |  2154.4s
[adam]  window 19 eps 10.0 | epoch   36750 | loss 8.9348e-06 | min_w 0.863 |  2164.1s
[adam]  window 19 eps 10.0 | epoch   37000 | loss 1.0255e-05 | min_w 0.843 |  2175.2s
[adam]  window 19 eps 10.0 | epoch   37250 | loss 1.1278e-05 | min_w 0.827 |  2184.5s
[adam]  window 19 eps 10.0 | epoch   37500 | loss 7.0416e-06 | min_w 0.892 |  2194.7s
[adam]  window 19 eps 10.0 | epoch   37750 | loss 8.6826e-06 | min_w 0.867 |  2203.1s
[adam]  window 19 eps 10.0 | epoch   38000 | loss 9.6188e-06 | min_w 0.853 |  2220.8s
[adam]  window 19 eps 10.0 | epoch   38250 | loss 9.2238e-06 | min_w 0.859 |  2228.3s
[adam]  window 19 eps 10.0 | epoch   38500 | loss 7.2433e-06 | min_w 0.889 |  2238.2s
[adam]  window 19 eps 10.0 | epoch   38750 | loss 7.2065e-06 | min_w 0.889 |  2246.7s
[adam]  window 19 eps 10.0 | epoch   39000 | loss 6.7240e-06 | min_w 0.897 |  2256.8s
[adam]  window 19 eps 10.0 | epoch   39250 | loss 6.4516e-06 | min_w 0.901 |  2266.5s
[window] 19 done | loss 6.5508e-07 |  2325.4s
[adam]  window 20 eps 10.0 | epoch   40750 | loss 1.9187e-06 | min_w 0.971 |  2329.6s
[adam]  window 20 eps 10.0 | epoch   41000 | loss 1.7658e-06 | min_w 0.973 |  2337.3s
[adam]  window 20 eps 10.0 | epoch   41250 | loss 4.6073e-06 | min_w 0.929 |  2346.9s
[adam]  window 20 eps 10.0 | epoch   41500 | loss 7.1971e-06 | min_w 0.890 |  2356.1s
[adam]  window 20 eps 10.0 | epoch   41750 | loss 5.9386e-06 | min_w 0.909 |  2364.1s
[adam]  window 20 eps 10.0 | epoch   42000 | loss 8.2923e-06 | min_w 0.873 |  2379.8s
[adam]  window 20 eps 10.0 | epoch   42250 | loss 9.1733e-06 | min_w 0.859 |  2391.4s
[adam]  window 20 eps 10.0 | epoch   42500 | loss 1.0227e-05 | min_w 0.843 |  2396.1s
[adam]  window 20 eps 10.0 | epoch   42750 | loss 5.1386e-06 | min_w 0.921 |  2407.9s
[adam]  window 20 eps 10.0 | epoch   43000 | loss 8.1627e-06 | min_w 0.875 |  2419.8s
[adam]  window 20 eps 10.0 | epoch   43250 | loss 8.3649e-06 | min_w 0.872 |  2430.3s
[adam]  window 20 eps 10.0 | epoch   43500 | loss 9.4351e-06 | min_w 0.855 |  2439.4s
[window] 20 done | loss 1.9589e-07 |  2564.2s
[adam]  window 21 eps 10.0 | epoch   45000 | loss 9.7363e-07 | min_w 0.985 |  2571.9s
[adam]  window 21 eps 10.0 | epoch   45250 | loss 9.0890e-07 | min_w 0.986 |  2580.2s
[adam]  window 21 eps 10.0 | epoch   45500 | loss 8.2447e-07 | min_w 0.987 |  2589.3s
[adam]  window 21 eps 10.0 | epoch   45750 | loss 6.1023e-06 | min_w 0.906 |  2598.4s
[adam]  window 21 eps 10.0 | epoch   46000 | loss 6.0450e-06 | min_w 0.907 |  2614.2s
[adam]  window 21 eps 10.0 | epoch   46250 | loss 8.1965e-06 | min_w 0.874 |  2622.6s
[adam]  window 21 eps 10.0 | epoch   46500 | loss 8.5519e-06 | min_w 0.869 |  2631.7s
[adam]  window 21 eps 10.0 | epoch   46750 | loss 9.3677e-06 | min_w 0.856 |  2640.1s
[window] 21 done | loss 4.3639e-07 |  2709.0s
[adam]  window 22 eps 10.0 | epoch   48250 | loss 1.7307e-06 | min_w 0.974 |  2718.7s
[adam]  window 22 eps 10.0 | epoch   48500 | loss 1.6421e-06 | min_w 0.975 |  2729.7s
[adam]  window 22 eps 10.0 | epoch   48750 | loss 9.1700e-06 | min_w 0.859 |  2739.4s
[adam]  window 22 eps 10.0 | epoch   49000 | loss 7.8968e-06 | min_w 0.879 |  2750.0s
[adam]  window 22 eps 10.0 | epoch   49250 | loss 7.2248e-06 | min_w 0.889 |  2757.9s
[adam]  window 22 eps 10.0 | epoch   49500 | loss 9.7013e-06 | min_w 0.851 |  2767.8s
[adam]  window 22 eps 10.0 | epoch   49750 | loss 1.0669e-05 | min_w 0.836 |  2777.3s
[adam]  window 22 eps 10.0 | epoch   50000 | loss 6.6105e-06 | min_w 0.898 |  2794.8s
[adam]  window 22 eps 10.0 | epoch   50250 | loss 6.1073e-06 | min_w 0.906 |  2803.9s
[adam]  window 22 eps 10.0 | epoch   50500 | loss 6.7762e-06 | min_w 0.896 |  2812.6s
[adam]  window 22 eps 10.0 | epoch   50750 | loss 1.1278e-05 | min_w 0.827 |  2822.3s
[adam]  window 22 eps 10.0 | epoch   51000 | loss 7.5436e-06 | min_w 0.884 |  2831.1s
[adam]  window 22 eps 10.0 | epoch   51250 | loss 4.9008e-06 | min_w 0.925 |  2840.5s
[adam]  window 22 eps 10.0 | epoch   51500 | loss 6.7874e-06 | min_w 0.896 |  2850.8s
[adam]  window 22 eps 10.0 | epoch   51750 | loss 1.2326e-05 | min_w 0.811 |  2859.6s
[adam]  window 22 eps 10.0 | epoch   52000 | loss 1.1743e-05 | min_w 0.820 |  2874.2s
[window] 22 done | loss 5.7012e-07 |  2939.9s
[adam]  window 23 eps 10.0 | epoch   53500 | loss 1.5520e-06 | min_w 0.976 |  2945.1s
[adam]  window 23 eps 10.0 | epoch   53750 | loss 1.4681e-06 | min_w 0.978 |  2954.2s
[adam]  window 23 eps 10.0 | epoch   54000 | loss 1.3628e-06 | min_w 0.979 |  2971.7s
[adam]  window 23 eps 10.0 | epoch   54250 | loss 1.2452e-06 | min_w 0.981 |  2980.2s
[adam]  window 23 eps 10.0 | epoch   54500 | loss 3.5632e-06 | min_w 0.945 |  2989.7s
[adam]  window 23 eps 10.0 | epoch   54750 | loss 4.9363e-06 | min_w 0.924 |  2998.7s
[adam]  window 23 eps 10.0 | epoch   55000 | loss 1.0416e-05 | min_w 0.840 |  3007.7s
[adam]  window 23 eps 10.0 | epoch   55250 | loss 1.0957e-05 | min_w 0.832 |  3016.7s
[adam]  window 23 eps 10.0 | epoch   55500 | loss 5.6686e-06 | min_w 0.913 |  3023.8s
[adam]  window 23 eps 10.0 | epoch   55750 | loss 1.0037e-05 | min_w 0.846 |  3033.6s
[adam]  window 23 eps 10.0 | epoch   56000 | loss 8.9067e-06 | min_w 0.863 |  3052.6s
[adam]  window 23 eps 10.0 | epoch   56250 | loss 8.9150e-06 | min_w 0.863 |  3064.5s
[adam]  window 23 eps 10.0 | epoch   56500 | loss 4.4424e-06 | min_w 0.932 |  3075.3s
[adam]  window 23 eps 10.0 | epoch   56750 | loss 7.2118e-06 | min_w 0.889 |  3082.0s
[adam]  window 23 eps 10.0 | epoch   57000 | loss 6.8776e-06 | min_w 0.894 |  3090.3s
[adam]  window 23 eps 10.0 | epoch   57250 | loss 7.3302e-06 | min_w 0.887 |  3096.9s
[window] 23 done | loss 5.9863e-07 |  3201.6s
[adam]  window 24 eps 10.0 | epoch   58750 | loss 2.1609e-06 | min_w 0.967 |  3205.7s
[adam]  window 24 eps 10.0 | epoch   59000 | loss 1.1801e-06 | min_w 0.982 |  3215.1s
[adam]  window 24 eps 10.0 | epoch   59250 | loss 7.3810e-07 | min_w 0.989 |  3223.7s
[window] 24 done | loss 6.4019e-07 |  3291.8s
[adam]  window 25 eps 10.0 | epoch   60750 | loss 3.6288e-06 | min_w 0.944 |  3297.7s
[adam]  window 25 eps 10.0 | epoch   61000 | loss 8.8875e-06 | min_w 0.864 |  3306.9s
[adam]  window 25 eps 10.0 | epoch   61250 | loss 8.8774e-06 | min_w 0.864 |  3316.0s
[adam]  window 25 eps 10.0 | epoch   61500 | loss 8.8320e-06 | min_w 0.865 |  3326.0s
[adam]  window 25 eps 10.0 | epoch   61750 | loss 7.2742e-06 | min_w 0.888 |  3335.6s
[adam]  window 25 eps 10.0 | epoch   62000 | loss 7.8101e-06 | min_w 0.880 |  3356.3s
[adam]  window 25 eps 10.0 | epoch   62250 | loss 8.4011e-06 | min_w 0.871 |  3367.8s
[adam]  window 25 eps 10.0 | epoch   62500 | loss 1.0798e-05 | min_w 0.834 |  3379.2s
[adam]  window 25 eps 10.0 | epoch   62750 | loss 7.2243e-06 | min_w 0.889 |  3388.0s
[adam]  window 25 eps 10.0 | epoch   63000 | loss 9.0078e-06 | min_w 0.862 |  3398.3s
[adam]  window 25 eps 10.0 | epoch   63250 | loss 9.3061e-06 | min_w 0.857 |  3407.8s
[adam]  window 25 eps 10.0 | epoch   63500 | loss 7.3615e-06 | min_w 0.887 |  3416.6s
[window] 25 done | loss 9.0075e-08 |  3521.4s
[adam]  window 26 eps 10.0 | epoch   65000 | loss 2.5663e-06 | min_w 0.961 |  3529.0s
[adam]  window 26 eps 10.0 | epoch   65250 | loss 1.7098e-06 | min_w 0.974 |  3538.7s
[adam]  window 26 eps 10.0 | epoch   65500 | loss 7.7566e-06 | min_w 0.881 |  3548.4s
[adam]  window 26 eps 10.0 | epoch   65750 | loss 1.0035e-05 | min_w 0.846 |  3559.0s
[adam]  window 26 eps 10.0 | epoch   66000 | loss 8.5510e-06 | min_w 0.869 |  3576.7s
[adam]  window 26 eps 10.0 | epoch   66250 | loss 1.0339e-05 | min_w 0.841 |  3586.1s
[adam]  window 26 eps 10.0 | epoch   66500 | loss 1.1032e-05 | min_w 0.831 |  3593.9s
[adam]  window 26 eps 10.0 | epoch   66750 | loss 1.1380e-05 | min_w 0.825 |  3604.0s
[adam]  window 26 eps 10.0 | epoch   67000 | loss 7.6362e-06 | min_w 0.883 |  3612.2s
[adam]  window 26 eps 10.0 | epoch   67250 | loss 9.3501e-06 | min_w 0.857 |  3621.0s
[adam]  window 26 eps 10.0 | epoch   67500 | loss 1.0039e-05 | min_w 0.846 |  3630.1s
[adam]  window 26 eps 10.0 | epoch   67750 | loss 9.2306e-06 | min_w 0.858 |  3638.6s
[window] 26 done | loss 5.8162e-08 |  3764.8s
[save]  checkpoint + telemetry -> /content/lorenz1960-pinn/runs/paper_ablations/r4_candidate_seed3/history
[save]  rendering figures -> /content/lorenz1960-pinn/runs/paper_ablations/r4_candidate_seed3 ...
/content/lorenz1960-pinn/src/pinn/viz/evaluation.py:53: UserWarning:

Converting a tensor with requires_grad=True to a scalar may lead to unexpected behavior.
Consider using tensor.detach() first. (Triggered internally at /pytorch/torch/csrc/autograd/generated/python_variable_methods.cpp:836.)

[save]  46 snapshots + point_summary.csv + 4 breakdown figures
[save]  wrote metrics.csv, run_summary.csv + 36 figure files
[done]  total 4087.1s
      state      mae     rmse  max_abs_error
          x 0.000028 0.000043       0.000152
          y 0.000098 0.000181       0.000575
          z 0.000047 0.000070       0.000236
combined_l2 0.000124 0.000199       0.000612
                   arm device  adam_steps  lbfgs_evals  rmse_combined_l2  wall_clock_s
    r1_no_causal_seed1    cpu       35100        33211          0.000175    1001.88770
    r1_no_causal_seed2    cpu       35100        33486          0.000189    1117.94103
    r1_no_causal_seed3    cpu       35100        33385          0.000516    1305.14008
      r2_no_warm_seed1   cuda      105877        33174          0.000176   10501.44510
      r2_no_warm_seed2   cuda      100185        33431          0.000288    9835.43886
r3_causal_single_seed0   cuda       40000         5529          0.275134    8093.46380
    r4_candidate_seed1    cpu       33564        33163          0.000081    1163.77413
    r4_candidate_seed2    cpu       36759        33082          0.000260    1169.11740
    r4_candidate_seed3   cuda       35996        33106          0.000199    3764.76705
   r6_sequential_seed1   cuda       35100        33759          0.486230    4825.91686
   r6_sequential_seed2   cuda       35100        33760          0.648400    4172.95236
