
=== r6_sequential_seed2 -> /content/lorenz1960-pinn/runs/paper_ablations/r6_sequential_seed2 ===
[setup] device=cuda | seed=2 | 4x60 tanh, hard IC, 41446 uniform points, 27 windows
[setup] 11283 params | 41446 collocation pts on t in [0.0, 13.26446] | ref traj 13265 pts
[setup] 1300 Adam steps per window + up to 1000 L-BFGS iterations; lr 1.0e-03, StepLR factor 0.9 every 1000 steps
[setup] per-point snapshots every 2000 logged evaluations and at final window states -> /content/lorenz1960-pinn/runs/paper_ablations/r6_sequential_seed2/breakdown
[adam]  window  0 eps None | epoch       0 | loss 2.1623e-01 | min_w 1.000 |    14.0s
[adam]  window  0 eps None | epoch     250 | loss 6.3894e-07 | min_w 1.000 |    28.9s
[adam]  window  0 eps None | epoch     500 | loss 6.2158e-07 | min_w 1.000 |    44.6s
[adam]  window  0 eps None | epoch     750 | loss 5.9833e-07 | min_w 1.000 |    59.6s
[adam]  window  0 eps None | epoch    1000 | loss 5.7007e-07 | min_w 1.000 |    74.7s
[adam]  window  0 eps None | epoch    1250 | loss 5.4057e-07 | min_w 1.000 |    90.5s
[window]  0 done | loss 5.2880e-07 |   257.6s
[adam]  window  1 eps None | epoch    2750 | loss 5.9092e-07 | min_w 1.000 |   265.2s
[adam]  window  1 eps None | epoch    3000 | loss 5.1594e-07 | min_w 1.000 |   274.2s
[adam]  window  1 eps None | epoch    3250 | loss 4.2792e-07 | min_w 1.000 |   284.1s
[adam]  window  1 eps None | epoch    3500 | loss 3.6339e-07 | min_w 1.000 |   292.4s
[adam]  window  1 eps None | epoch    3750 | loss 2.9322e-07 | min_w 1.000 |   302.1s
[window]  1 done | loss 1.9949e-09 |   442.4s
[adam]  window  2 eps None | epoch    5250 | loss 5.4558e-08 | min_w 1.000 |   447.4s
[adam]  window  2 eps None | epoch    5500 | loss 4.5846e-08 | min_w 1.000 |   456.1s
[adam]  window  2 eps None | epoch    5750 | loss 3.7084e-08 | min_w 1.000 |   464.8s
[adam]  window  2 eps None | epoch    6000 | loss 5.6674e-08 | min_w 1.000 |   476.8s
[adam]  window  2 eps None | epoch    6250 | loss 1.3237e-08 | min_w 1.000 |   486.6s
[window]  2 done | loss 1.0897e-08 |   595.9s
[adam]  window  3 eps None | epoch    7750 | loss 6.7021e-07 | min_w 1.000 |   599.4s
[adam]  window  3 eps None | epoch    8000 | loss 2.5929e-07 | min_w 1.000 |   615.8s
[adam]  window  3 eps None | epoch    8250 | loss 2.2055e-07 | min_w 1.000 |   626.3s
[adam]  window  3 eps None | epoch    8500 | loss 1.7830e-07 | min_w 1.000 |   636.3s
[adam]  window  3 eps None | epoch    8750 | loss 1.2212e-07 | min_w 1.000 |   644.6s
[window]  3 done | loss 9.7644e-08 |   747.8s
[adam]  window  4 eps None | epoch   10250 | loss 3.8350e-05 | min_w 1.000 |   749.5s
[adam]  window  4 eps None | epoch   10500 | loss 4.8277e-07 | min_w 1.000 |   759.6s
[adam]  window  4 eps None | epoch   10750 | loss 4.2929e-07 | min_w 1.000 |   767.6s
[adam]  window  4 eps None | epoch   11000 | loss 3.6619e-07 | min_w 1.000 |   778.0s
[adam]  window  4 eps None | epoch   11250 | loss 3.0533e-07 | min_w 1.000 |   787.9s
[adam]  window  4 eps None | epoch   11500 | loss 2.4699e-07 | min_w 1.000 |   797.3s
[window]  4 done | loss 2.4495e-07 |   908.6s
[adam]  window  5 eps None | epoch   13000 | loss 6.4975e-07 | min_w 1.000 |   918.3s
[adam]  window  5 eps None | epoch   13250 | loss 6.0072e-07 | min_w 1.000 |   927.5s
[adam]  window  5 eps None | epoch   13500 | loss 5.3896e-07 | min_w 1.000 |   935.5s
[adam]  window  5 eps None | epoch   13750 | loss 2.4955e-06 | min_w 1.000 |   944.8s
[adam]  window  5 eps None | epoch   14000 | loss 4.3214e-07 | min_w 1.000 |   958.3s
[window]  5 done | loss 4.1511e-07 |  1035.7s
[adam]  window  6 eps None | epoch   15500 | loss 8.5544e-07 | min_w 1.000 |  1042.6s
[adam]  window  6 eps None | epoch   15750 | loss 8.1114e-07 | min_w 1.000 |  1051.2s
[adam]  window  6 eps None | epoch   16000 | loss 7.5196e-07 | min_w 1.000 |  1066.7s
[adam]  window  6 eps None | epoch   16250 | loss 7.8027e-07 | min_w 1.000 |  1074.5s
[adam]  window  6 eps None | epoch   16500 | loss 7.0326e-07 | min_w 1.000 |  1084.7s
[window]  6 done | loss 7.3121e-09 |  1337.3s
[adam]  window  7 eps None | epoch   18000 | loss 6.3862e-07 | min_w 1.000 |  1348.6s
[adam]  window  7 eps None | epoch   18250 | loss 4.7044e-07 | min_w 1.000 |  1358.3s
[adam]  window  7 eps None | epoch   18500 | loss 5.7288e-07 | min_w 1.000 |  1366.5s
[adam]  window  7 eps None | epoch   18750 | loss 4.3741e-07 | min_w 1.000 |  1375.5s
[adam]  window  7 eps None | epoch   19000 | loss 3.9004e-07 | min_w 1.000 |  1381.8s
[window]  7 done | loss 9.2804e-09 |  1684.5s
[adam]  window  8 eps None | epoch   20500 | loss 1.1105e-05 | min_w 1.000 |  1687.8s
[adam]  window  8 eps None | epoch   20750 | loss 4.0710e-07 | min_w 1.000 |  1697.4s
[adam]  window  8 eps None | epoch   21000 | loss 3.9422e-07 | min_w 1.000 |  1705.5s
[adam]  window  8 eps None | epoch   21250 | loss 3.7389e-07 | min_w 1.000 |  1714.2s
[adam]  window  8 eps None | epoch   21500 | loss 3.5763e-07 | min_w 1.000 |  1723.2s
[window]  8 done | loss 3.3743e-07 |  1834.0s
[adam]  window  9 eps None | epoch   23000 | loss 1.1220e-04 | min_w 1.000 |  1836.1s
[adam]  window  9 eps None | epoch   23250 | loss 1.1616e-06 | min_w 1.000 |  1845.8s
[adam]  window  9 eps None | epoch   23500 | loss 1.1349e-06 | min_w 1.000 |  1856.5s
[adam]  window  9 eps None | epoch   23750 | loss 1.1896e-06 | min_w 1.000 |  1867.4s
[adam]  window  9 eps None | epoch   24000 | loss 1.0736e-06 | min_w 1.000 |  1882.2s
[adam]  window  9 eps None | epoch   24250 | loss 1.0377e-06 | min_w 1.000 |  1890.2s
[window]  9 done | loss 1.0368e-06 |  1972.2s
[adam]  window 10 eps None | epoch   25750 | loss 2.7125e-06 | min_w 1.000 |  1979.4s
[adam]  window 10 eps None | epoch   26000 | loss 2.6787e-06 | min_w 1.000 |  1993.7s
[adam]  window 10 eps None | epoch   26250 | loss 5.0254e-06 | min_w 1.000 |  2003.1s
[adam]  window 10 eps None | epoch   26500 | loss 2.6583e-06 | min_w 1.000 |  2010.3s
[adam]  window 10 eps None | epoch   26750 | loss 2.6027e-06 | min_w 1.000 |  2019.6s
[window] 10 done | loss 2.1128e-07 |  2212.3s
[adam]  window 11 eps None | epoch   28250 | loss 3.8213e-06 | min_w 1.000 |  2218.6s
[adam]  window 11 eps None | epoch   28500 | loss 1.9555e-06 | min_w 1.000 |  2226.3s
[adam]  window 11 eps None | epoch   28750 | loss 1.9300e-06 | min_w 1.000 |  2233.7s
[adam]  window 11 eps None | epoch   29000 | loss 1.8978e-06 | min_w 1.000 |  2239.2s
[adam]  window 11 eps None | epoch   29250 | loss 1.8617e-06 | min_w 1.000 |  2247.5s
[window] 11 done | loss 1.8427e-06 |  2332.2s
[adam]  window 12 eps None | epoch   30750 | loss 3.0384e-05 | min_w 1.000 |  2338.8s
[adam]  window 12 eps None | epoch   31000 | loss 4.2702e-06 | min_w 1.000 |  2346.8s
[adam]  window 12 eps None | epoch   31250 | loss 4.2295e-06 | min_w 1.000 |  2356.4s
[adam]  window 12 eps None | epoch   31500 | loss 4.1862e-06 | min_w 1.000 |  2364.6s
[adam]  window 12 eps None | epoch   31750 | loss 4.1349e-06 | min_w 1.000 |  2372.9s
[window] 12 done | loss 1.1797e-07 |  2553.4s
[adam]  window 13 eps None | epoch   33250 | loss 5.7062e-06 | min_w 1.000 |  2556.2s
[adam]  window 13 eps None | epoch   33500 | loss 7.9929e-07 | min_w 1.000 |  2564.5s
[adam]  window 13 eps None | epoch   33750 | loss 7.9544e-07 | min_w 1.000 |  2571.4s
[adam]  window 13 eps None | epoch   34000 | loss 7.9212e-07 | min_w 1.000 |  2583.9s
[adam]  window 13 eps None | epoch   34250 | loss 7.8818e-07 | min_w 1.000 |  2591.1s
[window] 13 done | loss 7.8397e-07 |  2678.4s
[adam]  window 14 eps None | epoch   35750 | loss 5.7070e-04 | min_w 1.000 |  2679.9s
[adam]  window 14 eps None | epoch   36000 | loss 1.0732e-06 | min_w 1.000 |  2695.3s
[adam]  window 14 eps None | epoch   36250 | loss 1.0683e-06 | min_w 1.000 |  2704.9s
[adam]  window 14 eps None | epoch   36500 | loss 1.0618e-06 | min_w 1.000 |  2714.9s
[adam]  window 14 eps None | epoch   36750 | loss 1.0540e-06 | min_w 1.000 |  2725.5s
[adam]  window 14 eps None | epoch   37000 | loss 1.0516e-06 | min_w 1.000 |  2737.1s
[window] 14 done | loss 1.0507e-06 |  2822.9s
[adam]  window 15 eps None | epoch   38500 | loss 1.0951e-06 | min_w 1.000 |  2830.4s
[adam]  window 15 eps None | epoch   38750 | loss 7.2455e-07 | min_w 1.000 |  2837.1s
[adam]  window 15 eps None | epoch   39000 | loss 7.3655e-07 | min_w 1.000 |  2845.5s
[adam]  window 15 eps None | epoch   39250 | loss 7.4484e-07 | min_w 1.000 |  2853.4s
[adam]  window 15 eps None | epoch   39500 | loss 7.1453e-07 | min_w 1.000 |  2861.6s
[window] 15 done | loss 7.1207e-07 |  2943.3s
[adam]  window 16 eps None | epoch   41000 | loss 8.0587e-06 | min_w 1.000 |  2947.5s
[adam]  window 16 eps None | epoch   41250 | loss 2.6017e-07 | min_w 1.000 |  2951.5s
[adam]  window 16 eps None | epoch   41500 | loss 2.5808e-07 | min_w 1.000 |  2953.7s
[adam]  window 16 eps None | epoch   41750 | loss 2.7648e-07 | min_w 1.000 |  2960.2s
[adam]  window 16 eps None | epoch   42000 | loss 2.6227e-07 | min_w 1.000 |  2974.9s
[window] 16 done | loss 2.6092e-07 |  3032.0s
[adam]  window 17 eps None | epoch   43500 | loss 3.2798e-05 | min_w 1.000 |  3036.7s
[adam]  window 17 eps None | epoch   43750 | loss 6.7012e-08 | min_w 1.000 |  3044.7s
[adam]  window 17 eps None | epoch   44000 | loss 3.8780e-06 | min_w 1.000 |  3065.7s
[adam]  window 17 eps None | epoch   44250 | loss 6.4168e-08 | min_w 1.000 |  3076.2s
[adam]  window 17 eps None | epoch   44500 | loss 2.7504e-05 | min_w 1.000 |  3089.1s
[window] 17 done | loss 6.5549e-08 |  3174.1s
[adam]  window 18 eps None | epoch   46000 | loss 8.4606e-05 | min_w 1.000 |  3183.1s
[adam]  window 18 eps None | epoch   46250 | loss 1.8937e-07 | min_w 1.000 |  3191.7s
[adam]  window 18 eps None | epoch   46500 | loss 2.2876e-04 | min_w 1.000 |  3198.7s
[adam]  window 18 eps None | epoch   46750 | loss 1.4863e-07 | min_w 1.000 |  3207.3s
[adam]  window 18 eps None | epoch   47000 | loss 1.4757e-07 | min_w 1.000 |  3214.0s
[window] 18 done | loss 1.4156e-07 |  3269.3s
[adam]  window 19 eps None | epoch   48500 | loss 2.9761e-04 | min_w 1.000 |  3270.8s
[adam]  window 19 eps None | epoch   48750 | loss 6.6004e-07 | min_w 1.000 |  3277.2s
[adam]  window 19 eps None | epoch   49000 | loss 6.2871e-06 | min_w 1.000 |  3283.6s
[adam]  window 19 eps None | epoch   49250 | loss 5.4495e-07 | min_w 1.000 |  3293.6s
[adam]  window 19 eps None | epoch   49500 | loss 5.3254e-07 | min_w 1.000 |  3302.3s
[adam]  window 19 eps None | epoch   49750 | loss 5.2675e-07 | min_w 1.000 |  3309.0s
[window] 19 done | loss 5.2630e-07 |  3366.1s
[adam]  window 20 eps None | epoch   51250 | loss 1.6428e-06 | min_w 1.000 |  3374.3s
[adam]  window 20 eps None | epoch   51500 | loss 1.2168e-06 | min_w 1.000 |  3382.1s
[adam]  window 20 eps None | epoch   51750 | loss 1.2121e-06 | min_w 1.000 |  3390.1s
[adam]  window 20 eps None | epoch   52000 | loss 1.2028e-06 | min_w 1.000 |  3404.7s
[adam]  window 20 eps None | epoch   52250 | loss 1.1882e-06 | min_w 1.000 |  3411.3s
[window] 20 done | loss 2.4326e-07 |  3516.2s
[adam]  window 21 eps None | epoch   53750 | loss 3.3952e-06 | min_w 1.000 |  3523.9s
[adam]  window 21 eps None | epoch   54000 | loss 7.5375e-07 | min_w 1.000 |  3539.9s
[adam]  window 21 eps None | epoch   54250 | loss 7.4940e-07 | min_w 1.000 |  3546.7s
[adam]  window 21 eps None | epoch   54500 | loss 7.4384e-07 | min_w 1.000 |  3555.1s
[adam]  window 21 eps None | epoch   54750 | loss 7.3757e-07 | min_w 1.000 |  3561.7s
[window] 21 done | loss 7.3414e-07 |  3618.6s
[adam]  window 22 eps None | epoch   56250 | loss 6.2197e-05 | min_w 1.000 |  3622.5s
[adam]  window 22 eps None | epoch   56500 | loss 1.5551e-06 | min_w 1.000 |  3630.8s
[adam]  window 22 eps None | epoch   56750 | loss 1.5491e-06 | min_w 1.000 |  3637.4s
[adam]  window 22 eps None | epoch   57000 | loss 1.5437e-06 | min_w 1.000 |  3644.0s
[adam]  window 22 eps None | epoch   57250 | loss 1.5374e-06 | min_w 1.000 |  3652.2s
[window] 22 done | loss 1.5328e-06 |  3711.6s
[adam]  window 23 eps None | epoch   58750 | loss 2.5174e-04 | min_w 1.000 |  3714.1s
[adam]  window 23 eps None | epoch   59000 | loss 2.9747e-06 | min_w 1.000 |  3720.7s
[adam]  window 23 eps None | epoch   59250 | loss 2.9195e-06 | min_w 1.000 |  3729.3s
[adam]  window 23 eps None | epoch   59500 | loss 2.9030e-06 | min_w 1.000 |  3736.1s
[adam]  window 23 eps None | epoch   59750 | loss 2.8832e-06 | min_w 1.000 |  3744.4s
[window] 23 done | loss 2.8645e-06 |  3810.0s
[adam]  window 24 eps None | epoch   61250 | loss 4.1680e-04 | min_w 1.000 |  3811.0s
[adam]  window 24 eps None | epoch   61500 | loss 7.3330e-06 | min_w 1.000 |  3821.0s
[adam]  window 24 eps None | epoch   61750 | loss 5.6200e-06 | min_w 1.000 |  3830.8s
[adam]  window 24 eps None | epoch   62000 | loss 5.5811e-06 | min_w 1.000 |  3849.3s
[adam]  window 24 eps None | epoch   62250 | loss 5.5337e-06 | min_w 1.000 |  3856.2s
[adam]  window 24 eps None | epoch   62500 | loss 5.4816e-06 | min_w 1.000 |  3865.5s
[window] 24 done | loss 5.4786e-06 |  3948.3s
[adam]  window 25 eps None | epoch   64000 | loss 9.8596e-06 | min_w 1.000 |  3963.7s
[adam]  window 25 eps None | epoch   64250 | loss 7.0975e-06 | min_w 1.000 |  3972.5s
[adam]  window 25 eps None | epoch   64500 | loss 7.0554e-06 | min_w 1.000 |  3979.6s
[adam]  window 25 eps None | epoch   64750 | loss 7.0032e-06 | min_w 1.000 |  3987.9s
[adam]  window 25 eps None | epoch   65000 | loss 6.9465e-06 | min_w 1.000 |  3993.9s
[window] 25 done | loss 6.9305e-06 |  4050.7s
[adam]  window 26 eps None | epoch   66500 | loss 1.6118e-05 | min_w 1.000 |  4056.0s
[adam]  window 26 eps None | epoch   66750 | loss 5.1985e-06 | min_w 1.000 |  4063.4s
[adam]  window 26 eps None | epoch   67000 | loss 5.1702e-06 | min_w 1.000 |  4071.4s
[adam]  window 26 eps None | epoch   67250 | loss 5.1359e-06 | min_w 1.000 |  4078.7s
[adam]  window 26 eps None | epoch   67500 | loss 5.0982e-06 | min_w 1.000 |  4086.4s
[window] 26 done | loss 3.0226e-08 |  4172.9s
[save]  checkpoint + telemetry -> /content/lorenz1960-pinn/runs/paper_ablations/r6_sequential_seed2/history
[save]  rendering figures -> /content/lorenz1960-pinn/runs/paper_ablations/r6_sequential_seed2 ...
/content/lorenz1960-pinn/src/pinn/viz/evaluation.py:53: UserWarning:

Converting a tensor with requires_grad=True to a scalar may lead to unexpected behavior.
Consider using tensor.detach() first. (Triggered internally at /pytorch/torch/csrc/autograd/generated/python_variable_methods.cpp:836.)

[save]  44 snapshots + point_summary.csv + 4 breakdown figures
[save]  wrote metrics.csv, run_summary.csv + 34 figure files
[done]  total 4500.9s
      state      mae     rmse  max_abs_error
          x 0.019213 0.027813       0.095211
          y 0.411485 0.559040       1.363413
          z 0.227816 0.327298       0.857697
combined_l2 0.474645 0.648400       1.610908
                   arm device  adam_steps  lbfgs_evals  rmse_combined_l2  wall_clock_s
    r1_no_causal_seed1    cpu       35100        33211          0.000175    1001.88770
    r1_no_causal_seed2    cpu       35100        33486          0.000189    1117.94103
    r1_no_causal_seed3    cpu       35100        33385          0.000516    1305.14008
r3_causal_single_seed0   cuda       40000         5529          0.275134    8093.46380
    r4_candidate_seed1    cpu       33564        33163          0.000081    1163.77413
    r4_candidate_seed2    cpu       36759        33082          0.000260    1169.11740
   r6_sequential_seed1   cuda       35100        33759          0.486230    4825.91686
   r6_sequential_seed2   cuda       35100        33760          0.648400    4172.95236
