
=== r6_sequential_seed3 -> /content/lorenz1960-pinn/runs/paper_ablations/r6_sequential_seed3 ===
[setup] device=cuda | seed=3 | 4x60 tanh, hard IC, 41446 uniform points, 27 windows
[setup] 11283 params | 41446 collocation pts on t in [0.0, 13.26446] | ref traj 13265 pts
[setup] 1300 Adam steps per window + up to 1000 L-BFGS iterations; lr 1.0e-03, StepLR factor 0.9 every 1000 steps
[setup] per-point snapshots every 2000 logged evaluations and at final window states -> /content/lorenz1960-pinn/runs/paper_ablations/r6_sequential_seed3/breakdown
[adam]  window  0 eps None | epoch       0 | loss 1.3094e-01 | min_w 1.000 |    10.7s
[adam]  window  0 eps None | epoch     250 | loss 5.5964e-07 | min_w 1.000 |    18.2s
[adam]  window  0 eps None | epoch     500 | loss 5.3464e-07 | min_w 1.000 |    25.9s
[adam]  window  0 eps None | epoch     750 | loss 5.0190e-07 | min_w 1.000 |    33.3s
[adam]  window  0 eps None | epoch    1000 | loss 4.6322e-07 | min_w 1.000 |    42.1s
[adam]  window  0 eps None | epoch    1250 | loss 4.2419e-07 | min_w 1.000 |    48.6s
[window]  0 done | loss 1.9860e-08 |   112.0s
[adam]  window  1 eps None | epoch    2500 | loss 2.5190e-07 | min_w 1.000 |   121.1s
[adam]  window  1 eps None | epoch    2750 | loss 2.2327e-07 | min_w 1.000 |   126.8s
[adam]  window  1 eps None | epoch    3000 | loss 1.8871e-07 | min_w 1.000 |   134.2s
[adam]  window  1 eps None | epoch    3250 | loss 1.5328e-07 | min_w 1.000 |   139.1s
[adam]  window  1 eps None | epoch    3500 | loss 1.2226e-07 | min_w 1.000 |   146.9s
[window]  1 done | loss 1.2668e-08 |   211.9s
[adam]  window  2 eps None | epoch    5000 | loss 4.6416e-07 | min_w 1.000 |   214.9s
[adam]  window  2 eps None | epoch    5250 | loss 8.7054e-08 | min_w 1.000 |   225.8s
[adam]  window  2 eps None | epoch    5500 | loss 7.9651e-08 | min_w 1.000 |   234.3s
[adam]  window  2 eps None | epoch    5750 | loss 7.0888e-08 | min_w 1.000 |   243.2s
[adam]  window  2 eps None | epoch    6000 | loss 6.1821e-08 | min_w 1.000 |   258.5s
[window]  2 done | loss 5.4850e-08 |   319.9s
[adam]  window  3 eps None | epoch    7500 | loss 2.9081e-05 | min_w 1.000 |   322.1s
[adam]  window  3 eps None | epoch    7750 | loss 2.1751e-07 | min_w 1.000 |   331.0s
[adam]  window  3 eps None | epoch    8000 | loss 2.0026e-07 | min_w 1.000 |   341.6s
[adam]  window  3 eps None | epoch    8250 | loss 1.7926e-07 | min_w 1.000 |   350.5s
[adam]  window  3 eps None | epoch    8500 | loss 1.5665e-07 | min_w 1.000 |   358.2s
[window]  3 done | loss 4.3202e-09 |   429.9s
[adam]  window  4 eps None | epoch   10000 | loss 2.2543e-03 | min_w 1.000 |   436.5s
[adam]  window  4 eps None | epoch   10250 | loss 2.2206e-07 | min_w 1.000 |   441.7s
[adam]  window  4 eps None | epoch   10500 | loss 2.1080e-07 | min_w 1.000 |   448.4s
[adam]  window  4 eps None | epoch   10750 | loss 1.9631e-07 | min_w 1.000 |   455.0s
[adam]  window  4 eps None | epoch   11000 | loss 1.7954e-07 | min_w 1.000 |   461.7s
[adam]  window  4 eps None | epoch   11250 | loss 1.6270e-07 | min_w 1.000 |   469.5s
[window]  4 done | loss 1.5958e-07 |   521.3s
[adam]  window  5 eps None | epoch   12750 | loss 5.0289e-07 | min_w 1.000 |   530.4s
[adam]  window  5 eps None | epoch   13000 | loss 4.7716e-07 | min_w 1.000 |   539.1s
[adam]  window  5 eps None | epoch   13250 | loss 4.5554e-07 | min_w 1.000 |   548.1s
[adam]  window  5 eps None | epoch   13500 | loss 4.0982e-07 | min_w 1.000 |   557.7s
[adam]  window  5 eps None | epoch   13750 | loss 3.8117e-07 | min_w 1.000 |   564.2s
[window]  5 done | loss 3.7062e-07 |   620.7s
[adam]  window  6 eps None | epoch   15250 | loss 9.1604e-07 | min_w 1.000 |   624.8s
[adam]  window  6 eps None | epoch   15500 | loss 8.6163e-07 | min_w 1.000 |   632.4s
[adam]  window  6 eps None | epoch   15750 | loss 8.3115e-07 | min_w 1.000 |   638.4s
[adam]  window  6 eps None | epoch   16000 | loss 7.9555e-07 | min_w 1.000 |   651.0s
[adam]  window  6 eps None | epoch   16250 | loss 7.5514e-07 | min_w 1.000 |   657.3s
[window]  6 done | loss 7.2958e-07 |   710.9s
[adam]  window  7 eps None | epoch   17750 | loss 2.9909e-06 | min_w 1.000 |   713.6s
[adam]  window  7 eps None | epoch   18000 | loss 1.1473e-06 | min_w 1.000 |   726.0s
[adam]  window  7 eps None | epoch   18250 | loss 1.1147e-06 | min_w 1.000 |   732.4s
[adam]  window  7 eps None | epoch   18500 | loss 1.0852e-06 | min_w 1.000 |   739.5s
[adam]  window  7 eps None | epoch   18750 | loss 1.1490e-06 | min_w 1.000 |   746.4s
[window]  7 done | loss 1.0687e-06 |   803.5s
[adam]  window  8 eps None | epoch   20250 | loss 7.2322e-05 | min_w 1.000 |   805.1s
[adam]  window  8 eps None | epoch   20500 | loss 1.3136e-06 | min_w 1.000 |   813.2s
[adam]  window  8 eps None | epoch   20750 | loss 1.2948e-06 | min_w 1.000 |   819.6s
[adam]  window  8 eps None | epoch   21000 | loss 1.6257e-06 | min_w 1.000 |   828.0s
[adam]  window  8 eps None | epoch   21250 | loss 1.3600e-06 | min_w 1.000 |   833.9s
[window]  8 done | loss 1.5632e-07 |   947.4s
[adam]  window  9 eps None | epoch   22750 | loss 3.9811e-03 | min_w 1.000 |   947.9s
[adam]  window  9 eps None | epoch   23000 | loss 1.1954e-06 | min_w 1.000 |   955.1s
[adam]  window  9 eps None | epoch   23250 | loss 1.0285e-06 | min_w 1.000 |   963.5s
[adam]  window  9 eps None | epoch   23500 | loss 1.0192e-06 | min_w 1.000 |   970.1s
[adam]  window  9 eps None | epoch   23750 | loss 1.0077e-06 | min_w 1.000 |   978.4s
[adam]  window  9 eps None | epoch   24000 | loss 9.9506e-07 | min_w 1.000 |   990.8s
[window]  9 done | loss 9.9263e-07 |  1043.1s
[adam]  window 10 eps None | epoch   25500 | loss 3.2000e-06 | min_w 1.000 |  1050.0s
[adam]  window 10 eps None | epoch   25750 | loss 2.8893e-06 | min_w 1.000 |  1056.3s
[adam]  window 10 eps None | epoch   26000 | loss 2.8668e-06 | min_w 1.000 |  1069.1s
[adam]  window 10 eps None | epoch   26250 | loss 2.8380e-06 | min_w 1.000 |  1075.9s
[adam]  window 10 eps None | epoch   26500 | loss 2.8061e-06 | min_w 1.000 |  1083.8s
[window] 10 done | loss 2.7921e-06 |  1139.8s
[adam]  window 11 eps None | epoch   28000 | loss 6.5191e-06 | min_w 1.000 |  1157.1s
[adam]  window 11 eps None | epoch   28250 | loss 4.8916e-06 | min_w 1.000 |  1165.8s
[adam]  window 11 eps None | epoch   28500 | loss 4.8544e-06 | min_w 1.000 |  1173.9s
[adam]  window 11 eps None | epoch   28750 | loss 4.8060e-06 | min_w 1.000 |  1180.8s
[adam]  window 11 eps None | epoch   29000 | loss 4.8349e-06 | min_w 1.000 |  1190.3s
[window] 11 done | loss 1.6471e-08 |  1326.5s
[adam]  window 12 eps None | epoch   30500 | loss 1.8577e-06 | min_w 1.000 |  1330.0s
[adam]  window 12 eps None | epoch   30750 | loss 9.5179e-07 | min_w 1.000 |  1338.1s
[adam]  window 12 eps None | epoch   31000 | loss 9.3230e-07 | min_w 1.000 |  1345.2s
[adam]  window 12 eps None | epoch   31250 | loss 1.1289e-04 | min_w 1.000 |  1352.3s
[adam]  window 12 eps None | epoch   31500 | loss 1.3719e-06 | min_w 1.000 |  1359.3s
[window] 12 done | loss 2.5025e-08 |  1464.9s
[adam]  window 13 eps None | epoch   33000 | loss 4.2294e-07 | min_w 1.000 |  1473.6s
[adam]  window 13 eps None | epoch   33250 | loss 4.1785e-07 | min_w 1.000 |  1482.6s
[adam]  window 13 eps None | epoch   33500 | loss 4.1070e-07 | min_w 1.000 |  1492.5s
[adam]  window 13 eps None | epoch   33750 | loss 4.0169e-07 | min_w 1.000 |  1499.8s
[adam]  window 13 eps None | epoch   34000 | loss 3.9176e-07 | min_w 1.000 |  1516.5s
[window] 13 done | loss 3.8689e-07 |  1571.7s
[adam]  window 14 eps None | epoch   35500 | loss 1.0571e-06 | min_w 1.000 |  1576.7s
[adam]  window 14 eps None | epoch   35750 | loss 4.3634e-07 | min_w 1.000 |  1583.7s
[adam]  window 14 eps None | epoch   36000 | loss 4.2885e-07 | min_w 1.000 |  1596.4s
[adam]  window 14 eps None | epoch   36250 | loss 4.1921e-07 | min_w 1.000 |  1603.0s
[adam]  window 14 eps None | epoch   36500 | loss 4.0820e-07 | min_w 1.000 |  1610.9s
[window] 14 done | loss 4.0052e-07 |  1656.3s
[adam]  window 15 eps None | epoch   38000 | loss 1.6405e-05 | min_w 1.000 |  1666.3s
[adam]  window 15 eps None | epoch   38250 | loss 1.6996e-07 | min_w 1.000 |  1673.7s
[adam]  window 15 eps None | epoch   38500 | loss 1.6700e-07 | min_w 1.000 |  1682.4s
[adam]  window 15 eps None | epoch   38750 | loss 4.5434e-06 | min_w 1.000 |  1688.7s
[adam]  window 15 eps None | epoch   39000 | loss 1.6310e-07 | min_w 1.000 |  1697.3s
[window] 15 done | loss 1.5922e-07 |  1756.9s
[adam]  window 16 eps None | epoch   40500 | loss 1.3110e-04 | min_w 1.000 |  1758.0s
[adam]  window 16 eps None | epoch   40750 | loss 4.8105e-08 | min_w 1.000 |  1764.1s
[adam]  window 16 eps None | epoch   41000 | loss 2.0711e-07 | min_w 1.000 |  1772.0s
[adam]  window 16 eps None | epoch   41250 | loss 4.7242e-08 | min_w 1.000 |  1777.5s
[adam]  window 16 eps None | epoch   41500 | loss 4.7942e-08 | min_w 1.000 |  1785.8s
[window] 16 done | loss 4.7286e-08 |  1853.7s
[adam]  window 17 eps None | epoch   43000 | loss 1.7108e-03 | min_w 1.000 |  1853.8s
[adam]  window 17 eps None | epoch   43250 | loss 1.3043e-07 | min_w 1.000 |  1862.8s
[adam]  window 17 eps None | epoch   43500 | loss 1.2867e-07 | min_w 1.000 |  1868.8s
[adam]  window 17 eps None | epoch   43750 | loss 1.2554e-07 | min_w 1.000 |  1877.0s
[adam]  window 17 eps None | epoch   44000 | loss 1.2298e-07 | min_w 1.000 |  1891.2s
[adam]  window 17 eps None | epoch   44250 | loss 1.2042e-07 | min_w 1.000 |  1897.9s
[window] 17 done | loss 1.1976e-07 |  1949.2s
[adam]  window 18 eps None | epoch   45750 | loss 5.2469e-07 | min_w 1.000 |  1954.4s
[adam]  window 18 eps None | epoch   46000 | loss 4.6817e-07 | min_w 1.000 |  1968.4s
[adam]  window 18 eps None | epoch   46250 | loss 4.5074e-07 | min_w 1.000 |  1977.0s
[adam]  window 18 eps None | epoch   46500 | loss 2.2673e-04 | min_w 1.000 |  1984.3s
[adam]  window 18 eps None | epoch   46750 | loss 4.3642e-07 | min_w 1.000 |  1993.0s
[window] 18 done | loss 4.3157e-07 |  2048.8s
[adam]  window 19 eps None | epoch   48250 | loss 1.4331e-06 | min_w 1.000 |  2054.6s
[adam]  window 19 eps None | epoch   48500 | loss 1.0940e-06 | min_w 1.000 |  2061.8s
[adam]  window 19 eps None | epoch   48750 | loss 1.0794e-06 | min_w 1.000 |  2069.3s
[adam]  window 19 eps None | epoch   49000 | loss 1.0583e-06 | min_w 1.000 |  2076.5s
[adam]  window 19 eps None | epoch   49250 | loss 1.0818e-06 | min_w 1.000 |  2085.0s
[window] 19 done | loss 1.0643e-06 |  2140.8s
[adam]  window 20 eps None | epoch   50750 | loss 6.3627e-06 | min_w 1.000 |  2145.8s
[adam]  window 20 eps None | epoch   51000 | loss 1.9944e-06 | min_w 1.000 |  2154.0s
[adam]  window 20 eps None | epoch   51250 | loss 1.9867e-06 | min_w 1.000 |  2164.7s
[adam]  window 20 eps None | epoch   51500 | loss 2.0175e-06 | min_w 1.000 |  2173.5s
[adam]  window 20 eps None | epoch   51750 | loss 1.9766e-06 | min_w 1.000 |  2182.1s
[window] 20 done | loss 2.1495e-07 |  2260.2s
[adam]  window 21 eps None | epoch   53250 | loss 2.0919e-04 | min_w 1.000 |  2261.1s
[adam]  window 21 eps None | epoch   53500 | loss 6.7404e-07 | min_w 1.000 |  2267.8s
[adam]  window 21 eps None | epoch   53750 | loss 6.6497e-07 | min_w 1.000 |  2273.1s
[adam]  window 21 eps None | epoch   54000 | loss 6.6067e-07 | min_w 1.000 |  2285.8s
[adam]  window 21 eps None | epoch   54250 | loss 6.5541e-07 | min_w 1.000 |  2292.1s
[adam]  window 21 eps None | epoch   54500 | loss 6.4958e-07 | min_w 1.000 |  2299.5s
[window] 21 done | loss 6.4911e-07 |  2341.8s
[adam]  window 22 eps None | epoch   56000 | loss 1.8371e-06 | min_w 1.000 |  2351.2s
[adam]  window 22 eps None | epoch   56250 | loss 1.4247e-06 | min_w 1.000 |  2357.0s
[adam]  window 22 eps None | epoch   56500 | loss 1.4200e-06 | min_w 1.000 |  2361.1s
[adam]  window 22 eps None | epoch   56750 | loss 1.4140e-06 | min_w 1.000 |  2366.8s
[adam]  window 22 eps None | epoch   57000 | loss 3.1891e-06 | min_w 1.000 |  2373.3s
[window] 22 done | loss 1.4170e-06 |  2413.5s
[adam]  window 23 eps None | epoch   58500 | loss 4.1378e-06 | min_w 1.000 |  2417.9s
[adam]  window 23 eps None | epoch   58750 | loss 3.0594e-06 | min_w 1.000 |  2422.6s
[adam]  window 23 eps None | epoch   59000 | loss 3.0443e-06 | min_w 1.000 |  2428.5s
[adam]  window 23 eps None | epoch   59250 | loss 3.0587e-06 | min_w 1.000 |  2433.8s
[adam]  window 23 eps None | epoch   59500 | loss 3.0384e-06 | min_w 1.000 |  2438.2s
[window] 23 done | loss 3.0293e-06 |  2489.9s
[adam]  window 24 eps None | epoch   61000 | loss 2.7009e-05 | min_w 1.000 |  2493.8s
[adam]  window 24 eps None | epoch   61250 | loss 5.9627e-06 | min_w 1.000 |  2499.2s
[adam]  window 24 eps None | epoch   61500 | loss 5.9221e-06 | min_w 1.000 |  2507.5s
[adam]  window 24 eps None | epoch   61750 | loss 5.8702e-06 | min_w 1.000 |  2513.2s
[adam]  window 24 eps None | epoch   62000 | loss 5.8745e-06 | min_w 1.000 |  2525.7s
[window] 24 done | loss 5.8352e-06 |  2569.7s
[adam]  window 25 eps None | epoch   63500 | loss 8.9278e-05 | min_w 1.000 |  2571.4s
[adam]  window 25 eps None | epoch   63750 | loss 7.4662e-06 | min_w 1.000 |  2575.5s
[adam]  window 25 eps None | epoch   64000 | loss 7.4185e-06 | min_w 1.000 |  2588.2s
[adam]  window 25 eps None | epoch   64250 | loss 7.3571e-06 | min_w 1.000 |  2595.2s
[adam]  window 25 eps None | epoch   64500 | loss 7.2864e-06 | min_w 1.000 |  2599.7s
[window] 25 done | loss 1.5314e-07 |  2683.3s
[adam]  window 26 eps None | epoch   66000 | loss 1.1435e-03 | min_w 1.000 |  2689.8s
[adam]  window 26 eps None | epoch   66250 | loss 1.8601e-06 | min_w 1.000 |  2696.2s
[adam]  window 26 eps None | epoch   66500 | loss 1.4488e-06 | min_w 1.000 |  2701.7s
[adam]  window 26 eps None | epoch   66750 | loss 1.4410e-06 | min_w 1.000 |  2707.4s
[adam]  window 26 eps None | epoch   67000 | loss 1.4315e-06 | min_w 1.000 |  2713.7s
[adam]  window 26 eps None | epoch   67250 | loss 1.4210e-06 | min_w 1.000 |  2719.3s
[window] 26 done | loss 1.4205e-06 |  2764.8s
[save]  checkpoint + telemetry -> /content/lorenz1960-pinn/runs/paper_ablations/r6_sequential_seed3/history
[save]  rendering figures -> /content/lorenz1960-pinn/runs/paper_ablations/r6_sequential_seed3 ...
/content/lorenz1960-pinn/src/pinn/viz/evaluation.py:53: UserWarning:

Converting a tensor with requires_grad=True to a scalar may lead to unexpected behavior.
Consider using tensor.detach() first. (Triggered internally at /pytorch/torch/csrc/autograd/generated/python_variable_methods.cpp:836.)

[save]  46 snapshots + point_summary.csv + 4 breakdown figures
[save]  wrote metrics.csv, run_summary.csv + 34 figure files
[done]  total 3010.3s
      state      mae     rmse  max_abs_error
          x 0.024935 0.036964       0.136660
          y 0.098276 0.129189       0.404084
          z 0.220223 0.323706       0.878189
combined_l2 0.259662 0.350488       0.892468
                   arm device  adam_steps  lbfgs_evals  rmse_combined_l2  wall_clock_s
    r1_no_causal_seed1    cpu       35100        33211          0.000175    1001.88770
    r1_no_causal_seed2    cpu       35100        33486          0.000189    1117.94103
    r1_no_causal_seed3    cpu       35100        33385          0.000516    1305.14008
      r2_no_warm_seed1   cuda      105877        33174          0.000176   10501.44510
      r2_no_warm_seed2   cuda      100185        33431          0.000288    9835.43886
r3_causal_single_seed0   cuda       40000         5529          0.275134    8093.46380
    r4_candidate_seed1    cpu       33564        33163          0.000081    1163.77413
    r4_candidate_seed2    cpu       36759        33082          0.000260    1169.11740
    r4_candidate_seed3   cuda       35996        33106          0.000199    3764.76705
   r6_sequential_seed1   cuda       35100        33759          0.486230    4825.91686
   r6_sequential_seed2   cuda       35100        33760          0.648400    4172.95236
   r6_sequential_seed3   cuda       35100        33403          0.350488    2764.77157
